Component: ARM Compiler 5.06 update 1 (build 61) Tool: armlink [4d35a8]

==============================================================================

Section Cross References

    main.o(.text) refers to _printf_percent.o(.ARM.Collect$$_printf_percent$$00000000) for _printf_percent
    main.o(.text) refers to _printf_s.o(.ARM.Collect$$_printf_percent$$00000014) for _printf_s
    main.o(.text) refers to _printf_str.o(.text) for _printf_str
    main.o(.text) refers to _printf_d.o(.ARM.Collect$$_printf_percent$$00000009) for _printf_d
    main.o(.text) refers to _printf_dec.o(.text) for _printf_int_dec
    main.o(.text) refers to stm32f4xx_dma.o(.text) for DMA_Cmd
    main.o(.text) refers to lcd.o(.text) for LCD_SetCursor
    main.o(.text) refers to usart.o(.text) for uart_init
    main.o(.text) refers to __2sprintf.o(.text) for __2sprintf
    main.o(.text) refers to ov5640.o(.text) for OV5640_RGB565_Mode
    main.o(.text) refers to dcmi.o(.text) for My_DCMI_Init
    main.o(.text) refers to delay.o(.text) for delay_ms
    main.o(.text) refers to main.o(.data) for ovx_mode
    main.o(.text) refers to lcd.o(.data) for POINT_COLOR
    main.o(.text) refers to main.o(.bss) for jpeg_buf
    main.o(.text) refers to main.o(.constdata) for jpeg_img_size_tbl
    main.o(.text) refers to key.o(.data) for Key_Flag
    main.o(.text) refers to __2printf.o(.text) for __2printf
    main.o(.text) refers to misc.o(.text) for NVIC_PriorityGroupConfig
    main.o(.text) refers to led.o(.text) for LED_Init
    main.o(.text) refers to key.o(.text) for KEY_Init
    main.o(.text) refers to usart2.o(.text) for usart2_init
    main.o(.text) refers to timer.o(.text) for TIM3_Int_Init
    main.o(.text) refers to pwm.o(.text) for TIM14_PWM_Init
    main.o(.text) refers to stm32f4xx_tim.o(.text) for TIM_SetCompare1
    main.o(.text) refers to lcd.o(.bss) for lcddev
    main.o(.text) refers to dcmi.o(.data) for ov_frame
    main.o(.data) refers to main.o(.conststring) for .conststring
    system_stm32f4xx.o(.text) refers to system_stm32f4xx.o(.data) for SystemCoreClock
    led.o(.text) refers to stm32f4xx_rcc.o(.text) for RCC_AHB1PeriphClockCmd
    led.o(.text) refers to stm32f4xx_gpio.o(.text) for GPIO_Init
    lcd.o(.text) refers to delay.o(.text) for delay_us
    lcd.o(.text) refers to lcd.o(.bss) for lcddev
    lcd.o(.text) refers to lcd.o(.data) for POINT_COLOR
    lcd.o(.text) refers to stm32f4xx_rcc.o(.text) for RCC_AHB1PeriphClockCmd
    lcd.o(.text) refers to stm32f4xx_gpio.o(.text) for GPIO_Init
    lcd.o(.text) refers to stm32f4xx_fsmc.o(.text) for FSMC_NORSRAMInit
    lcd.o(.text) refers to lcd.o(.constdata) for asc2_1206
    key.o(.text) refers to stm32f4xx_rcc.o(.text) for RCC_AHB1PeriphClockCmd
    key.o(.text) refers to stm32f4xx_gpio.o(.text) for GPIO_Init
    key.o(.text) refers to key.o(.data) for Key_times
    dcmi.o(.text) refers to stm32f4xx_dcmi.o(.text) for DCMI_GetITStatus
    dcmi.o(.text) refers to main.o(.text) for jpeg_data_process
    dcmi.o(.text) refers to stm32f4xx_rcc.o(.text) for RCC_AHB1PeriphClockCmd
    dcmi.o(.text) refers to stm32f4xx_dma.o(.text) for DMA_DeInit
    dcmi.o(.text) refers to stm32f4xx_gpio.o(.text) for GPIO_Init
    dcmi.o(.text) refers to misc.o(.text) for NVIC_Init
    dcmi.o(.text) refers to lcd.o(.text) for LCD_SetCursor
    dcmi.o(.text) refers to ov5640.o(.text) for OV5640_OutSize_Set
    dcmi.o(.text) refers to dcmi.o(.data) for ov_frame
    dcmi.o(.text) refers to dcmi.o(.bss) for DCMI_InitStructure
    ov5640.o(.text) refers to sccb.o(.text) for SCCB_Start
    ov5640.o(.text) refers to stm32f4xx_rcc.o(.text) for RCC_AHB1PeriphClockCmd
    ov5640.o(.text) refers to stm32f4xx_gpio.o(.text) for GPIO_Init
    ov5640.o(.text) refers to delay.o(.text) for delay_ms
    ov5640.o(.text) refers to ov5640.o(.constdata) for ov5640_init_reg_tbl
    sccb.o(.text) refers to stm32f4xx_rcc.o(.text) for RCC_AHB1PeriphClockCmd
    sccb.o(.text) refers to stm32f4xx_gpio.o(.text) for GPIO_Init
    sccb.o(.text) refers to delay.o(.text) for delay_us
    timer.o(.text) refers to stm32f4xx_rcc.o(.text) for RCC_APB1PeriphClockCmd
    timer.o(.text) refers to stm32f4xx_tim.o(.text) for TIM_TimeBaseInit
    timer.o(.text) refers to misc.o(.text) for NVIC_Init
    timer.o(.text) refers to key.o(.text) for KEY_Scan
    timer.o(.text) refers to timer.o(.data) for TimeS
    timer.o(.text) refers to main.o(.data) for Com1SendFlag
    spi.o(.text) refers to stm32f4xx_spi.o(.text) for SPI_I2S_GetFlagStatus
    spi.o(.text) refers to stm32f4xx_rcc.o(.text) for RCC_AHB1PeriphClockCmd
    spi.o(.text) refers to stm32f4xx_gpio.o(.text) for GPIO_Init
    usart2.o(.text) refers to stm32f4xx_usart.o(.text) for USART_GetFlagStatus
    usart2.o(.text) refers to stm32f4xx_tim.o(.text) for TIM_SetCompare1
    usart2.o(.text) refers to vsprintf.o(.text) for vsprintf
    usart2.o(.text) refers to strlen.o(.text) for strlen
[...]
    __scatterload_null                       0x0800019f   Thumb Code     0  __scatter.o(!!!scatter)
    __scatterload_copy                       0x080001c5   Thumb Code    26  __scatter_copy.o(!!handler_copy)
    __scatterload_zeroinit                   0x080001e1   Thumb Code    28  __scatter_zi.o(!!handler_zi)
    _printf_n                                0x080001fd   Thumb Code     0  _printf_n.o(.ARM.Collect$$_printf_percent$$00000001)
    _printf_percent                          0x080001fd   Thumb Code     0  _printf_percent.o(.ARM.Collect$$_printf_percent$$00000000)
    _printf_p                                0x08000203   Thumb Code     0  _printf_p.o(.ARM.Collect$$_printf_percent$$00000002)
    _printf_f                                0x08000209   Thumb Code     0  _printf_f.o(.ARM.Collect$$_printf_percent$$00000003)
    _printf_e                                0x0800020f   Thumb Code     0  _printf_e.o(.ARM.Collect$$_printf_percent$$00000004)
    _printf_g                                0x08000215   Thumb Code     0  _printf_g.o(.ARM.Collect$$_printf_percent$$00000005)
    _printf_a                                0x0800021b   Thumb Code     0  _printf_a.o(.ARM.Collect$$_printf_percent$$00000006)
    _printf_ll                               0x08000221   Thumb Code     0  _printf_ll.o(.ARM.Collect$$_printf_percent$$00000007)
    _printf_i                                0x0800022b   Thumb Code     0  _printf_i.o(.ARM.Collect$$_printf_percent$$00000008)
    _printf_d                                0x08000231   Thumb Code     0  _printf_d.o(.ARM.Collect$$_printf_percent$$00000009)
    _printf_u                                0x08000237   Thumb Code     0  _printf_u.o(.ARM.Collect$$_printf_percent$$0000000A)
    _printf_o                                0x0800023d   Thumb Code     0  _printf_o.o(.ARM.Collect$$_printf_percent$$0000000B)
    _printf_x                                0x08000243   Thumb Code     0  _printf_x.o(.ARM.Collect$$_printf_percent$$0000000C)
    _printf_lli                              0x08000249   Thumb Code     0  _printf_lli.o(.ARM.Collect$$_printf_percent$$0000000D)
    _printf_lld                              0x0800024f   Thumb Code     0  _printf_lld.o(.ARM.Collect$$_printf_percent$$0000000E)
    _printf_llu                              0x08000255   Thumb Code     0  _printf_llu.o(.ARM.Collect$$_printf_percent$$0000000F)
    _printf_llo                              0x0800025b   Thumb Code     0  _printf_llo.o(.ARM.Collect$$_printf_percent$$00000010)
    _printf_llx                              0x08000261   Thumb Code     0  _printf_llx.o(.ARM.Collect$$_printf_percent$$00000011)
    _printf_l                                0x08000267   Thumb Code     0  _printf_l.o(.ARM.Collect$$_printf_percent$$00000012)
    _printf_c                                0x08000271   Thumb Code     0  _printf_c.o(.ARM.Collect$$_printf_percent$$00000013)
    _printf_s                                0x08000277   Thumb Code     0  _printf_s.o(.ARM.Collect$$_printf_percent$$00000014)
    _printf_lc                               0x0800027d   Thumb Code     0  _printf_lc.o(.ARM.Collect$$_printf_percent$$00000015)
    _printf_ls                               0x08000283   Thumb Code     0  _printf_ls.o(.ARM.Collect$$_printf_percent$$00000016)
    _printf_percent_end                      0x08000289   Thumb Code     0  _printf_percent_end.o(.ARM.Collect$$_printf_percent$$00000017)
    __rt_lib_init                            0x0800028d   Thumb Code     0  libinit.o(.ARM.Collect$$libinit$$00000000)
    __rt_lib_init_fp_1                       0x0800028f   Thumb Code     0  libinit2.o(.ARM.Collect$$libinit$$00000001)
    __rt_lib_init_heap_1                     0x08000293   Thumb Code     0  libinit2.o(.ARM.Collect$$libinit$$0000000A)
    __rt_lib_init_lc_common                  0x08000293   Thumb Code     0  libinit2.o(.ARM.Collect$$libinit$$0000000F)
    __rt_lib_init_preinit_1                  0x08000293   Thumb Code     0  libinit2.o(.ARM.Collect$$libinit$$00000004)
    __rt_lib_init_rand_1                     0x08000293   Thumb Code     0  libinit2.o(.ARM.Collect$$libinit$$0000000E)
    __rt_lib_init_user_alloc_1               0x08000293   Thumb Code     0  libinit2.o(.ARM.Collect$$libinit$$0000000C)
    __rt_lib_init_lc_collate_1               0x08000299   Thumb Code     0  libinit2.o(.ARM.Collect$$libinit$$00000011)
    __rt_lib_init_lc_ctype_2                 0x08000299   Thumb Code     0  libinit2.o(.ARM.Collect$$libinit$$00000012)
    __rt_lib_init_lc_ctype_1                 0x080002a5   Thumb Code     0  libinit2.o(.ARM.Collect$$libinit$$00000013)
    __rt_lib_init_lc_monetary_1              0x080002a5   Thumb Code     0  libinit2.o(.ARM.Collect$$libinit$$00000015)
    __rt_lib_init_lc_numeric_2               0x080002a5   Thumb Code     0  libinit2.o(.ARM.Collect$$libinit$$00000016)
    __rt_lib_init_alloca_1                   0x080002af   Thumb Code     0  libinit2.o(.ARM.Collect$$libinit$$0000002E)
    __rt_lib_init_argv_1                     0x080002af   Thumb Code     0  libinit2.o(.ARM.Collect$$libinit$$0000002C)
    __rt_lib_init_atexit_1                   0x080002af   Thumb Code     0  libinit2.o(.ARM.Collect$$libinit$$0000001B)
    __rt_lib_init_clock_1                    0x080002af   Thumb Code     0  libinit2.o(.ARM.Collect$$libinit$$00000021)
    __rt_lib_init_cpp_1                      0x080002af   Thumb Code     0  libinit2.o(.ARM.Collect$$libinit$$00000032)
    __rt_lib_init_exceptions_1               0x080002af   Thumb Code     0  libinit2.o(.ARM.Collect$$libinit$$00000030)
    __rt_lib_init_fp_trap_1                  0x080002af   Thumb Code     0  libinit2.o(.ARM.Collect$$libinit$$0000001F)
    __rt_lib_init_getenv_1                   0x080002af   Thumb Code     0  libinit2.o(.ARM.Collect$$libinit$$00000023)
    __rt_lib_init_lc_numeric_1               0x080002af   Thumb Code     0  libinit2.o(.ARM.Collect$$libinit$$00000017)
    __rt_lib_init_lc_time_1                  0x080002af   Thumb Code     0  libinit2.o(.ARM.Collect$$libinit$$00000019)
    __rt_lib_init_return                     0x080002af   Thumb Code     0  libinit2.o(.ARM.Collect$$libinit$$00000033)
    __rt_lib_init_signal_1                   0x080002af   Thumb Code     0  libinit2.o(.ARM.Collect$$libinit$$0000001D)
    __rt_lib_init_stdio_1                    0x080002af   Thumb Code     0  libinit2.o(.ARM.Collect$$libinit$$00000025)
    __rt_lib_shutdown                        0x080002b1   Thumb Code     0  libshutdown.o(.ARM.Collect$$libshutdown$$00000000)
    __rt_lib_shutdown_cpp_1                  0x080002b3   Thumb Code     0  libshutdown2.o(.ARM.Collect$$libshutdown$$00000002)
    __rt_lib_shutdown_fp_trap_1              0x080002b3   Thumb Code     0  libshutdown2.o(.ARM.Collect$$libshutdown$$00000007)
    __rt_lib_shutdown_heap_1                 0x080002b3   Thumb Code     0  libshutdown2.o(.ARM.Collect$$libshutdown$$0000000F)
    __rt_lib_shutdown_return                 0x080002b3   Thumb Code     0  libshutdown2.o(.ARM.Collect$$libshutdown$$00000010)
    __rt_lib_shutdown_signal_1               0x080002b3   Thumb Code     0  libshutdown2.o(.ARM.Collect$$libshutdown$$0000000A)
    __rt_lib_shutdown_stdio_1                0x080002b3   Thumb Code     0  libshutdown2.o(.ARM.Collect$$libshutdown$$00000004)
    __rt_lib_shutdown_user_alloc_1           0x080002b3   Thumb Code     0  libshutdown2.o(.ARM.Collect$$libshutdown$$0000000C)
    __rt_entry                               0x080002b5   Thumb Code     0  __rtentry.o(.ARM.Collect$$rtentry$$00000000)
    __rt_entry_presh_1                       0x080002b5   Thumb Code     0  __rtentry2.o(.ARM.Collect$$rtentry$$00000002)
    __rt_entry_sh                            0x080002b5   Thumb Code     0  __rtentry4.o(.ARM.Collect$$rtentry$$00000004)
    __rt_entry_li                            0x080002bb   Thumb Code     0  __rtentry2.o(.ARM.Collect$$rtentry$$0000000A)
    __rt_entry_postsh_1                      0x080002bb   Thumb Code     0  __rtentry2.o(.ARM.Collect$$rtentry$$00000009)
    __rt_entry_main                          0x080002bf   Thumb Code     0  __rtentry2.o(.ARM.Collect$$rtentry$$0000000D)
    __rt_entry_postli_1                      0x080002bf   Thumb Code     0  __rtentry2.o(.ARM.Collect$$rtentry$$0000000C)
    __rt_exit                                0x080002c7   Thumb Code     0  rtexit.o(.ARM.Collect$$rtexit$$00000000)
    __rt_exit_ls                             0x080002c9   Thumb Code     0  rtexit2.o(.ARM.Collect$$rtexit$$00000003)
    __rt_exit_prels_1                        0x080002c9   Thumb Code     0  rtexit2.o(.ARM.Collect$$rtexit$$00000002)
    __rt_exit_exit                           0x080002cd   Thumb Code     0  rtexit2.o(.ARM.Collect$$rtexit$$00000004)
    jpeg_data_process                        0x080002d5   Thumb Code   114  main.o(.text)
    jpeg_test                                0x08000347   Thumb Code   722  main.o(.text)
    rgb565_test                              0x08000619   Thumb Code   870  main.o(.text)
    main                                     0x0800097f   Thumb Code   348  main.o(.text)
    NMI_Handler                              0x08000b71   Thumb Code     2  stm32f4xx_it.o(.text)
    HardFault_Handler                        0x08000b73   Thumb Code     4  stm32f4xx_it.o(.text)
    MemManage_Handler                        0x08000b77   Thumb Code     4  stm32f4xx_it.o(.text)
    BusFault_Handler                         0x08000b7b   Thumb Code     4  stm32f4xx_it.o(.text)
    UsageFault_Handler                       0x08000b7f   Thumb Code     4  stm32f4xx_it.o(.text)
    SVC_Handler                              0x08000b83   Thumb Code     2  stm32f4xx_it.o(.text)
    DebugMon_Handler                         0x08000b85   Thumb Code     2  stm32f4xx_it.o(.text)
    PendSV_Handler                           0x08000b87   Thumb Code     2  stm32f4xx_it.o(.text)
    SysTick_Handler                          0x08000b89   Thumb Code     2  stm32f4xx_it.o(.text)
    SystemInit                               0x08000c69   Thumb Code    88  system_stm32f4xx.o(.text)
    SystemCoreClockUpdate                    0x08000cc1   Thumb Code   174  system_stm32f4xx.o(.text)
    LED_Init                                 0x08000d9d   Thumb Code    60  led.o(.text)
    LCD_WR_REG                               0x08000ddd   Thumb Code    18  lcd.o(.text)
    LCD_WR_DATA                              0x08000def   Thumb Code    20  lcd.o(.text)
    LCD_RD_DATA                              0x08000e03   Thumb Code    16  lcd.o(.text)
    LCD_WriteReg                             0x08000e13   Thumb Code    24  lcd.o(.text)
    LCD_ReadReg                              0x08000e2b   Thumb Code    22  lcd.o(.text)
    LCD_WriteRAM_Prepare                     0x08000e41   Thumb Code    10  lcd.o(.text)
    LCD_WriteRAM                             0x08000e4b   Thumb Code     8  lcd.o(.text)
    LCD_BGR2RGB                              0x08000e53   Thumb Code    26  lcd.o(.text)
    opt_delay                                0x08000e6d   Thumb Code    14  lcd.o(.text)
    LCD_SetCursor                            0x08000e7b   Thumb Code   262  lcd.o(.text)
    LCD_ReadPoint                            0x08000f81   Thumb Code   356  lcd.o(.text)
    LCD_DisplayOn                            0x080010e5   Thumb Code    80  lcd.o(.text)
    LCD_DisplayOff                           0x08001135   Thumb Code    78  lcd.o(.text)
    LCD_Scan_Dir                             0x08001183   Thumb Code   734  lcd.o(.text)
    LCD_DrawPoint                            0x08001461   Thumb Code    28  lcd.o(.text)
    LCD_Fast_DrawPoint                       0x0800147d   Thumb Code   282  lcd.o(.text)
    LCD_Display_Dir                          0x08001597   Thumb Code   378  lcd.o(.text)
    LCD_Set_Window                           0x08001711   Thumb Code   382  lcd.o(.text)
    LCD_Clear                                0x0800188f   Thumb Code   100  lcd.o(.text)
    LCD_Init                                 0x080018f3   Thumb Code 14208  lcd.o(.text)
    LCD_Fill                                 0x08005073   Thumb Code   180  lcd.o(.text)
    LCD_Color_Fill                           0x08005127   Thumb Code    92  lcd.o(.text)
    LCD_DrawLine                             0x08005183   Thumb Code   176  lcd.o(.text)
    LCD_DrawRectangle                        0x08005233   Thumb Code    60  lcd.o(.text)
    LCD_Draw_Circle                          0x0800526f   Thumb Code   166  lcd.o(.text)
    LCD_ShowChar                             0x08005315   Thumb Code   272  lcd.o(.text)
    LCD_Pow                                  0x08005425   Thumb Code    22  lcd.o(.text)
    LCD_ShowNum                              0x0800543b   Thumb Code   148  lcd.o(.text)
    LCD_ShowxNum                             0x080054cf   Thumb Code   190  lcd.o(.text)
    LCD_ShowString                           0x0800558d   Thumb Code   102  lcd.o(.text)
    KEY_Init                                 0x0800560d   Thumb Code    62  key.o(.text)
    KEY_Scan                                 0x0800564b   Thumb Code   334  key.o(.text)
    DCMI_IRQHandler                          0x080057b1   Thumb Code    50  dcmi.o(.text)
    DCMI_DMA_Init                            0x080057e3   Thumb Code    94  dcmi.o(.text)
    My_DCMI_Init                             0x08005841   Thumb Code   282  dcmi.o(.text)
    DCMI_Start                               0x0800595b   Thumb Code    30  dcmi.o(.text)
    DCMI_Stop                                0x08005979   Thumb Code    34  dcmi.o(.text)
    DCMI_Set_Window                          0x0800599b   Thumb Code    78  dcmi.o(.text)
    DCMI_CR_Set                              0x080059e9   Thumb Code    58  dcmi.o(.text)
    OV5640_WR_Reg                            0x08005a49   Thumb Code    60  ov5640.o(.text)
    OV5640_RD_Reg                            0x08005a85   Thumb Code    60  ov5640.o(.text)
    OV5640_Flash_Ctrl                        0x08005ac1   Thumb Code    50  ov5640.o(.text)
    OV5640_Init                              0x08005af3   Thumb Code   284  ov5640.o(.text)
    OV5640_JPEG_Mode                         0x08005c0f   Thumb Code    36  ov5640.o(.text)
    OV5640_RGB565_Mode                       0x08005c33   Thumb Code    36  ov5640.o(.text)
    OV5640_Exposure                          0x08005c57   Thumb Code   154  ov5640.o(.text)
    OV5640_Light_Mode                        0x08005cf1   Thumb Code    66  ov5640.o(.text)
    OV5640_Color_Saturation                  0x08005d33   Thumb Code   120  ov5640.o(.text)
    OV5640_Brightness                        0x08005dab   Thumb Code    90  ov5640.o(.text)
    OV5640_Contrast                          0x08005e05   Thumb Code   120  ov5640.o(.text)
    OV5640_Sharpness                         0x08005e7d   Thumb Code   122  ov5640.o(.text)
    OV5640_Special_Effects                   0x08005ef7   Thumb Code   150  ov5640.o(.text)
    OV5640_Test_Pattern                      0x08005f8d   Thumb Code    50  ov5640.o(.text)
    OV5640_OutSize_Set                       0x08005fbf   Thumb Code   128  ov5640.o(.text)
    OV5640_ImageWin_Set                      0x0800603f   Thumb Code   160  ov5640.o(.text)
    OV5640_Focus_Init                        0x080060df   Thumb Code   180  ov5640.o(.text)
    OV5640_Focus_Single                      0x08006193   Thumb Code    60  ov5640.o(.text)
    OV5640_Focus_Constant                    0x080061cf   Thumb Code   124  ov5640.o(.text)
    SCCB_Init                                0x08006255   Thumb Code    78  sccb.o(.text)
    SCCB_Start                               0x080062a3   Thumb Code    42  sccb.o(.text)
    SCCB_Stop                                0x080062cd   Thumb Code    42  sccb.o(.text)
    SCCB_No_Ack                              0x080062f7   Thumb Code    56  sccb.o(.text)
    SCCB_WR_Byte                             0x0800632f   Thumb Code   154  sccb.o(.text)
    SCCB_RD_Byte                             0x080063c9   Thumb Code   104  sccb.o(.text)
    SCCB_WR_Reg                              0x08006431   Thumb Code    62  sccb.o(.text)
    SCCB_RD_Reg                              0x0800646f   Thumb Code    78  sccb.o(.text)
    TIM3_Int_Init                            0x080064c9   Thumb Code    88  timer.o(.text)
    TIM3_IRQHandler                          0x08006521   Thumb Code    80  timer.o(.text)
    fgetc                                    0x08006581   Thumb Code    26  usart2.o(.text)
    USART2_SendData                          0x0800659b   Thumb Code    22  usart2.o(.text)
    USART2_SendString                        0x080065b1   Thumb Code    28  usart2.o(.text)
    USART2_ReceiveData                       0x080065cd   Thumb Code    10  usart2.o(.text)
    USART2_IRQHandler                        0x080065d7   Thumb Code   158  usart2.o(.text)
    u2_printf                                0x08006675   Thumb Code    72  usart2.o(.text)
    usart2_init                              0x080066bd   Thumb Code   172  usart2.o(.text)
    TIM14_PWM_Init                           0x08006785   Thumb Code   152  pwm.o(.text)
    delay_init                               0x08006825   Thumb Code    52  delay.o(.text)
    delay_us                                 0x08006859   Thumb Code    72  delay.o(.text)
    delay_xms                                0x080068a1   Thumb Code    72  delay.o(.text)
    delay_ms                                 0x080068e9   Thumb Code    56  delay.o(.text)
    _sys_exit                                0x08006929   Thumb Code     4  usart.o(.text)
    fputc                                    0x0800692d   Thumb Code    22  usart.o(.text)
    uart_init                                0x08006943   Thumb Code   172  usart.o(.text)
    USART1_IRQHandler                        0x080069ef   Thumb Code   122  usart.o(.text)
    Reset_Handler                            0x08006a79   Thumb Code     8  startup_stm32f40_41xxx.o(.text)
    ADC_IRQHandler                           0x08006a93   Thumb Code     0  startup_stm32f40_41xxx.o(.text)
    CAN1_RX0_IRQHandler                      0x08006a93   Thumb Code     0  startup_stm32f40_41xxx.o(.text)
    CAN1_RX1_IRQHandler                      0x08006a93   Thumb Code     0  startup_stm32f40_41xxx.o(.text)
    CAN1_SCE_IRQHandler                      0x08006a93   Thumb Code     0  startup_stm32f40_41xxx.o(.text)
    CAN1_TX_IRQHandler                       0x08006a93   Thumb Code     0  startup_stm32f40_41xxx.o(.text)
    CAN2_RX0_IRQHandler                      0x08006a93   Thumb Code     0  startup_stm32f40_41xxx.o(.text)
    CAN2_RX1_IRQHandler                      0x08006a93   Thumb Code     0  startup_stm32f40_41xxx.o(.text)
    CAN2_SCE_IRQHandler                      0x08006a93   Thumb Code     0  startup_stm32f40_41xxx.o(.text)
    CAN2_TX_IRQHandler                       0x08006a93   Thumb Code     0  startup_stm32f40_41xxx.o(.text)
    CRYP_IRQHandler                          0x08006a93   Thumb Code     0  startup_stm32f40_41xxx.o(.text)
    DMA1_Stream0_IRQHandler                  0x08006a93   Thumb Code     0  startup_stm32f40_41xxx.o(.text)
    DMA1_Stream1_IRQHandler                  0x08006a93   Thumb Code     0  startup_stm32f40_41xxx.o(.text)
    DMA1_Stream2_IRQHandler                  0x08006a93   Thumb Code     0  startup_stm32f40_41xxx.o(.text)
    DMA1_Stream3_IRQHandler                  0x08006a93   Thumb Code     0  startup_stm32f40_41xxx.o(.text)
    DMA1_Stream4_IRQHandler                  0x08006a93   Thumb Code     0  startup_stm32f40_41xxx.o(.text)
    DMA1_Stream5_IRQHandler                  0x08006a93   Thumb Code     0  startup_stm32f40_41xxx.o(.text)
    DMA1_Stream6_IRQHandler                  0x08006a93   Thumb Code     0  startup_stm32f40_41xxx.o(.text)
    DMA1_Stream7_IRQHandler                  0x08006a93   Thumb Code     0  startup_stm32f40_41xxx.o(.text)
    DMA2_Stream0_IRQHandler                  0x08006a93   Thumb Code     0  startup_stm32f40_41xxx.o(.text)
    DMA2_Stream1_IRQHandler                  0x08006a93   Thumb Code     0  startup_stm32f40_41xxx.o(.text)
    DMA2_Stream2_IRQHandler                  0x08006a93   Thumb Code     0  startup_stm32f40_41xxx.o(.text)
    DMA2_Stream3_IRQHandler                  0x08006a93   Thumb Code     0  startup_stm32f40_41xxx.o(.text)
    DMA2_Stream4_IRQHandler                  0x08006a93   Thumb Code     0  startup_stm32f40_41xxx.o(.text)
    DMA2_Stream5_IRQHandler                  0x08006a93   Thumb Code     0  startup_stm32f40_41xxx.o(.text)
    DMA2_Stream6_IRQHandler                  0x08006a93   Thumb Code     0  startup_stm32f40_41xxx.o(.text)
    DMA2_Stream7_IRQHandler                  0x08006a93   Thumb Code     0  startup_stm32f40_41xxx.o(.text)
    ETH_IRQHandler                           0x08006a93   Thumb Code     0  startup_stm32f40_41xxx.o(.text)
    ETH_WKUP_IRQHandler                      0x08006a93   Thumb Code     0  startup_stm32f40_41xxx.o(.text)
    EXTI0_IRQHandler                         0x08006a93   Thumb Code     0  startup_stm32f40_41xxx.o(.text)
    EXTI15_10_IRQHandler                     0x08006a93   Thumb Code     0  startup_stm32f40_41xxx.o(.text)
    EXTI1_IRQHandler                         0x08006a93   Thumb Code     0  startup_stm32f40_41xxx.o(.text)
    EXTI2_IRQHandler                         0x08006a93   Thumb Code     0  startup_stm32f40_41xxx.o(.text)
    EXTI3_IRQHandler                         0x08006a93   Thumb Code     0  startup_stm32f40_41xxx.o(.text)
    EXTI4_IRQHandler                         0x08006a93   Thumb Code     0  startup_stm32f40_41xxx.o(.text)
    EXTI9_5_IRQHandler                       0x08006a93   Thumb Code     0  startup_stm32f40_41xxx.o(.text)
    FLASH_IRQHandler                         0x08006a93   Thumb Code     0  startup_stm32f40_41xxx.o(.text)
    FPU_IRQHandler                           0x08006a93   Thumb Code     0  startup_stm32f40_41xxx.o(.text)
    FSMC_IRQHandler                          0x08006a93   Thumb Code     0  startup_stm32f40_41xxx.o(.text)
    HASH_RNG_IRQHandler                      0x08006a93   Thumb Code     0  startup_stm32f40_41xxx.o(.text)
    I2C1_ER_IRQHandler                       0x08006a93   Thumb Code     0  startup_stm32f40_41xxx.o(.text)
    I2C1_EV_IRQHandler                       0x08006a93   Thumb Code     0  startup_stm32f40_41xxx.o(.text)
    I2C2_ER_IRQHandler                       0x08006a93   Thumb Code     0  startup_stm32f40_41xxx.o(.text)
    I2C2_EV_IRQHandler                       0x08006a93   Thumb Code     0  startup_stm32f40_41xxx.o(.text)
    I2C3_ER_IRQHandler                       0x08006a93   Thumb Code     0  startup_stm32f40_41xxx.o(.text)
    I2C3_EV_IRQHandler                       0x08006a93   Thumb Code     0  startup_stm32f40_41xxx.o(.text)
    OTG_FS_IRQHandler                        0x08006a93   Thumb Code     0  startup_stm32f40_41xxx.o(.text)
    OTG_FS_WKUP_IRQHandler                   0x08006a93   Thumb Code     0  startup_stm32f40_41xxx.o(.text)
    OTG_HS_EP1_IN_IRQHandler                 0x08006a93   Thumb Code     0  startup_stm32f40_41xxx.o(.text)
    OTG_HS_EP1_OUT_IRQHandler                0x08006a93   Thumb Code     0  startup_stm32f40_41xxx.o(.text)
    OTG_HS_IRQHandler                        0x08006a93   Thumb Code     0  startup_stm32f40_41xxx.o(.text)
    OTG_HS_WKUP_IRQHandler                   0x08006a93   Thumb Code     0  startup_stm32f40_41xxx.o(.text)
    PVD_IRQHandler                           0x08006a93   Thumb Code     0  startup_stm32f40_41xxx.o(.text)
    RCC_IRQHandler                           0x08006a93   Thumb Code     0  startup_stm32f40_41xxx.o(.text)
    RTC_Alarm_IRQHandler                     0x08006a93   Thumb Code     0  startup_stm32f40_41xxx.o(.text)
    RTC_WKUP_IRQHandler                      0x08006a93   Thumb Code     0  startup_stm32f40_41xxx.o(.text)
    SDIO_IRQHandler                          0x08006a93   Thumb Code     0  startup_stm32f40_41xxx.o(.text)
    SPI1_IRQHandler                          0x08006a93   Thumb Code     0  startup_stm32f40_41xxx.o(.text)
    SPI2_IRQHandler                          0x08006a93   Thumb Code     0  startup_stm32f40_41xxx.o(.text)
    SPI3_IRQHandler                          0x08006a93   Thumb Code     0  startup_stm32f40_41xxx.o(.text)
    TAMP_STAMP_IRQHandler                    0x08006a93   Thumb Code     0  startup_stm32f40_41xxx.o(.text)
    TIM1_BRK_TIM9_IRQHandler                 0x08006a93   Thumb Code     0  startup_stm32f40_41xxx.o(.text)
    TIM1_CC_IRQHandler                       0x08006a93   Thumb Code     0  startup_stm32f40_41xxx.o(.text)
    TIM1_TRG_COM_TIM11_IRQHandler            0x08006a93   Thumb Code     0  startup_stm32f40_41xxx.o(.text)
    TIM1_UP_TIM10_IRQHandler                 0x08006a93   Thumb Code     0  startup_stm32f40_41xxx.o(.text)
    TIM2_IRQHandler                          0x08006a93   Thumb Code     0  startup_stm32f40_41xxx.o(.text)
    TIM4_IRQHandler                          0x08006a93   Thumb Code     0  startup_stm32f40_41xxx.o(.text)
    TIM5_IRQHandler                          0x08006a93   Thumb Code     0  startup_stm32f40_41xxx.o(.text)
    TIM6_DAC_IRQHandler                      0x08006a93   Thumb Code     0  startup_stm32f40_41xxx.o(.text)
    TIM7_IRQHandler                          0x08006a93   Thumb Code     0  startup_stm32f40_41xxx.o(.text)
    TIM8_BRK_TIM12_IRQHandler                0x08006a93   Thumb Code     0  startup_stm32f40_41xxx.o(.text)
    TIM8_CC_IRQHandler                       0x08006a93   Thumb Code     0  startup_stm32f40_41xxx.o(.text)
    TIM8_TRG_COM_TIM14_IRQHandler            0x08006a93   Thumb Code     0  startup_stm32f40_41xxx.o(.text)
    TIM8_UP_TIM13_IRQHandler                 0x08006a93   Thumb Code     0  startup_stm32f40_41xxx.o(.text)
    UART4_IRQHandler                         0x08006a93   Thumb Code     0  startup_stm32f40_41xxx.o(.text)
    UART5_IRQHandler                         0x08006a93   Thumb Code     0  startup_stm32f40_41xxx.o(.text)
    USART3_IRQHandler                        0x08006a93   Thumb Code     0  startup_stm32f40_41xxx.o(.text)
    USART6_IRQHandler                        0x08006a93   Thumb Code     0  startup_stm32f40_41xxx.o(.text)
    WWDG_IRQHandler                          0x08006a93   Thumb Code     0  startup_stm32f40_41xxx.o(.text)
    __user_initial_stackheap                 0x08006a95   Thumb Code     0  startup_stm32f40_41xxx.o(.text)
    NVIC_PriorityGroupConfig                 0x08006ab9   Thumb Code    10  misc.o(.text)
    NVIC_Init                                0x08006ac3   Thumb Code   106  misc.o(.text)
    NVIC_SetVectorTable                      0x08006b2d   Thumb Code    14  misc.o(.text)
    NVIC_SystemLPConfig                      0x08006b3b   Thumb Code    34  misc.o(.text)
    SysTick_CLKSourceConfig                  0x08006b5d   Thumb Code    40  misc.o(.text)
    DCMI_DeInit                              0x08006b99   Thumb Code    24  stm32f4xx_dcmi.o(.text)
    DCMI_Init                                0x08006bb1   Thumb Code    60  stm32f4xx_dcmi.o(.text)
    DCMI_StructInit                          0x08006bed   Thumb Code    18  stm32f4xx_dcmi.o(.text)
    DCMI_CROPConfig                          0x08006bff   Thumb Code    26  stm32f4xx_dcmi.o(.text)
    DCMI_CROPCmd                             0x08006c19   Thumb Code    30  stm32f4xx_dcmi.o(.text)
    DCMI_SetEmbeddedSynchroCodes             0x08006c37   Thumb Code    26  stm32f4xx_dcmi.o(.text)
    DCMI_JPEGCmd                             0x08006c51   Thumb Code    30  stm32f4xx_dcmi.o(.text)
    DCMI_Cmd                                 0x08006c6f   Thumb Code    30  stm32f4xx_dcmi.o(.text)
    DCMI_CaptureCmd                          0x08006c8d   Thumb Code    30  stm32f4xx_dcmi.o(.text)
    DCMI_ReadData                            0x08006cab   Thumb Code     6  stm32f4xx_dcmi.o(.text)
    DCMI_ITConfig                            0x08006cb1   Thumb Code    30  stm32f4xx_dcmi.o(.text)
    DCMI_GetFlagStatus                       0x08006ccf   Thumb Code    46  stm32f4xx_dcmi.o(.text)
    DCMI_ClearFlag                           0x08006cfd   Thumb Code     6  stm32f4xx_dcmi.o(.text)
    DCMI_GetITStatus                         0x08006d03   Thumb Code    24  stm32f4xx_dcmi.o(.text)
    DCMI_ClearITPendingBit                   0x08006d1b   Thumb Code     6  stm32f4xx_dcmi.o(.text)
    DMA_DeInit                               0x08006d25   Thumb Code   324  stm32f4xx_dma.o(.text)
    DMA_Init                                 0x08006e69   Thumb Code    82  stm32f4xx_dma.o(.text)
    DMA_StructInit                           0x08006ebb   Thumb Code    34  stm32f4xx_dma.o(.text)
    DMA_Cmd                                  0x08006edd   Thumb Code    22  stm32f4xx_dma.o(.text)
    DMA_PeriphIncOffsetSizeConfig            0x08006ef3   Thumb Code    22  stm32f4xx_dma.o(.text)
    DMA_FlowControllerConfig                 0x08006f09   Thumb Code    22  stm32f4xx_dma.o(.text)
    DMA_SetCurrDataCounter                   0x08006f1f   Thumb Code     4  stm32f4xx_dma.o(.text)
    DMA_GetCurrDataCounter                   0x08006f23   Thumb Code     8  stm32f4xx_dma.o(.text)
    DMA_DoubleBufferModeConfig               0x08006f2b   Thumb Code    24  stm32f4xx_dma.o(.text)
    DMA_DoubleBufferModeCmd                  0x08006f43   Thumb Code    22  stm32f4xx_dma.o(.text)
    DMA_MemoryTargetConfig                   0x08006f59   Thumb Code    10  stm32f4xx_dma.o(.text)
    DMA_GetCurrentMemoryTarget               0x08006f63   Thumb Code    20  stm32f4xx_dma.o(.text)
    DMA_GetCmdStatus                         0x08006f77   Thumb Code    20  stm32f4xx_dma.o(.text)
    DMA_GetFIFOStatus                        0x08006f8b   Thumb Code    12  stm32f4xx_dma.o(.text)
    DMA_GetFlagStatus                        0x08006f97   Thumb Code    56  stm32f4xx_dma.o(.text)
    DMA_ClearFlag                            0x08006fcf   Thumb Code    40  stm32f4xx_dma.o(.text)
    DMA_ITConfig                             0x08006ff7   Thumb Code    58  stm32f4xx_dma.o(.text)
    DMA_GetITStatus                          0x08007031   Thumb Code    84  stm32f4xx_dma.o(.text)
    DMA_ClearITPendingBit                    0x08007085   Thumb Code    40  stm32f4xx_dma.o(.text)
    FSMC_NORSRAMDeInit                       0x080070cd   Thumb Code    54  stm32f4xx_fsmc.o(.text)
    FSMC_NORSRAMInit                         0x08007103   Thumb Code   230  stm32f4xx_fsmc.o(.text)
    FSMC_NORSRAMStructInit                   0x080071e9   Thumb Code    48  stm32f4xx_fsmc.o(.text)
    FSMC_NORSRAMCmd                          0x08007219   Thumb Code    46  stm32f4xx_fsmc.o(.text)
    FSMC_NANDDeInit                          0x08007247   Thumb Code    62  stm32f4xx_fsmc.o(.text)
    FSMC_NANDInit                            0x08007285   Thumb Code   132  stm32f4xx_fsmc.o(.text)
    FSMC_NANDStructInit                      0x08007309   Thumb Code    54  stm32f4xx_fsmc.o(.text)
    FSMC_NANDCmd                             0x0800733f   Thumb Code    86  stm32f4xx_fsmc.o(.text)
    FSMC_NANDECCCmd                          0x08007395   Thumb Code    86  stm32f4xx_fsmc.o(.text)
    FSMC_GetECC                              0x080073eb   Thumb Code    24  stm32f4xx_fsmc.o(.text)
    FSMC_PCCARDDeInit                        0x08007403   Thumb Code    36  stm32f4xx_fsmc.o(.text)
    FSMC_PCCARDInit                          0x08007427   Thumb Code   130  stm32f4xx_fsmc.o(.text)
    FSMC_PCCARDStructInit                    0x080074a9   Thumb Code    60  stm32f4xx_fsmc.o(.text)
    FSMC_PCCARDCmd                           0x080074e5   Thumb Code    44  stm32f4xx_fsmc.o(.text)
    FSMC_ITConfig                            0x08007511   Thumb Code   128  stm32f4xx_fsmc.o(.text)
    FSMC_GetFlagStatus                       0x08007591   Thumb Code    54  stm32f4xx_fsmc.o(.text)
    FSMC_ClearFlag                           0x080075c7   Thumb Code    74  stm32f4xx_fsmc.o(.text)
    FSMC_GetITStatus                         0x08007611   Thumb Code    62  stm32f4xx_fsmc.o(.text)
    FSMC_ClearITPendingBit                   0x0800764f   Thumb Code    66  stm32f4xx_fsmc.o(.text)
    GPIO_DeInit                              0x08007695   Thumb Code   268  stm32f4xx_gpio.o(.text)
    GPIO_Init                                0x080077a1   Thumb Code   144  stm32f4xx_gpio.o(.text)
    GPIO_StructInit                          0x08007831   Thumb Code    18  stm32f4xx_gpio.o(.text)
    GPIO_PinLockConfig                       0x08007843   Thumb Code    34  stm32f4xx_gpio.o(.text)
    GPIO_ReadInputDataBit                    0x08007865   Thumb Code    18  stm32f4xx_gpio.o(.text)
    GPIO_ReadInputData                       0x08007877   Thumb Code     8  stm32f4xx_gpio.o(.text)
    GPIO_ReadOutputDataBit                   0x0800787f   Thumb Code    18  stm32f4xx_gpio.o(.text)
    GPIO_ReadOutputData                      0x08007891   Thumb Code     8  stm32f4xx_gpio.o(.text)
    GPIO_SetBits                             0x08007899   Thumb Code     4  stm32f4xx_gpio.o(.text)
    GPIO_ResetBits                           0x0800789d   Thumb Code     4  stm32f4xx_gpio.o(.text)
    GPIO_WriteBit                            0x080078a1   Thumb Code    10  stm32f4xx_gpio.o(.text)
    GPIO_Write                               0x080078ab   Thumb Code     4  stm32f4xx_gpio.o(.text)
    GPIO_ToggleBits                          0x080078af   Thumb Code     8  stm32f4xx_gpio.o(.text)
    GPIO_PinAFConfig                         0x080078b7   Thumb Code    70  stm32f4xx_gpio.o(.text)
    RCC_DeInit                               0x08007929   Thumb Code    82  stm32f4xx_rcc.o(.text)
    RCC_HSEConfig                            0x0800797b   Thumb Code    14  stm32f4xx_rcc.o(.text)
    RCC_GetFlagStatus                        0x08007989   Thumb Code    60  stm32f4xx_rcc.o(.text)
    RCC_WaitForHSEStartUp                    0x080079c5   Thumb Code    56  stm32f4xx_rcc.o(.text)
    RCC_AdjustHSICalibrationValue            0x080079fd   Thumb Code    20  stm32f4xx_rcc.o(.text)
    RCC_HSICmd                               0x08007a11   Thumb Code     6  stm32f4xx_rcc.o(.text)
    RCC_LSEConfig                            0x08007a17   Thumb Code    46  stm32f4xx_rcc.o(.text)
    RCC_LSICmd                               0x08007a45   Thumb Code     6  stm32f4xx_rcc.o(.text)
    RCC_PLLConfig                            0x08007a4b   Thumb Code    32  stm32f4xx_rcc.o(.text)
    RCC_PLLCmd                               0x08007a6b   Thumb Code     6  stm32f4xx_rcc.o(.text)
    RCC_PLLI2SConfig                         0x08007a71   Thumb Code    14  stm32f4xx_rcc.o(.text)
    RCC_PLLI2SCmd                            0x08007a7f   Thumb Code     6  stm32f4xx_rcc.o(.text)
    RCC_PLLSAIConfig                         0x08007a85   Thumb Code    20  stm32f4xx_rcc.o(.text)
    RCC_PLLSAICmd                            0x08007a99   Thumb Code     6  stm32f4xx_rcc.o(.text)
    RCC_ClockSecuritySystemCmd               0x08007a9f   Thumb Code     6  stm32f4xx_rcc.o(.text)
    RCC_MCO1Config                           0x08007aa5   Thumb Code    28  stm32f4xx_rcc.o(.text)
    RCC_MCO2Config                           0x08007ac1   Thumb Code    28  stm32f4xx_rcc.o(.text)
    RCC_SYSCLKConfig                         0x08007add   Thumb Code    20  stm32f4xx_rcc.o(.text)
    RCC_GetSYSCLKSource                      0x08007af1   Thumb Code    12  stm32f4xx_rcc.o(.text)
    RCC_HCLKConfig                           0x08007afd   Thumb Code    20  stm32f4xx_rcc.o(.text)
    RCC_PCLK1Config                          0x08007b11   Thumb Code    20  stm32f4xx_rcc.o(.text)
    RCC_PCLK2Config                          0x08007b25   Thumb Code    22  stm32f4xx_rcc.o(.text)
    RCC_GetClocksFreq                        0x08007b3b   Thumb Code   222  stm32f4xx_rcc.o(.text)
    RCC_RTCCLKConfig                         0x08007c19   Thumb Code    54  stm32f4xx_rcc.o(.text)
    RCC_RTCCLKCmd                            0x08007c4f   Thumb Code     8  stm32f4xx_rcc.o(.text)
    RCC_BackupResetCmd                       0x08007c57   Thumb Code     8  stm32f4xx_rcc.o(.text)
    RCC_I2SCLKConfig                         0x08007c5f   Thumb Code     6  stm32f4xx_rcc.o(.text)
    RCC_SAIPLLI2SClkDivConfig                0x08007c65   Thumb Code    26  stm32f4xx_rcc.o(.text)
    RCC_SAIPLLSAIClkDivConfig                0x08007c7f   Thumb Code    28  stm32f4xx_rcc.o(.text)
    RCC_SAIBlockACLKConfig                   0x08007c9b   Thumb Code    20  stm32f4xx_rcc.o(.text)
    RCC_SAIBlockBCLKConfig                   0x08007caf   Thumb Code    20  stm32f4xx_rcc.o(.text)
    RCC_LTDCCLKDivConfig                     0x08007cc3   Thumb Code    20  stm32f4xx_rcc.o(.text)
    RCC_TIMCLKPresConfig                     0x08007cd7   Thumb Code     6  stm32f4xx_rcc.o(.text)
    RCC_AHB1PeriphClockCmd                   0x08007cdd   Thumb Code    34  stm32f4xx_rcc.o(.text)
    RCC_AHB2PeriphClockCmd                   0x08007cff   Thumb Code    78  stm32f4xx_rcc.o(.text)
    RCC_AHB3PeriphClockCmd                   0x08007d4d   Thumb Code    34  stm32f4xx_rcc.o(.text)
    RCC_APB1PeriphClockCmd                   0x08007d6f   Thumb Code    34  stm32f4xx_rcc.o(.text)
    RCC_APB2PeriphClockCmd                   0x08007d91   Thumb Code    34  stm32f4xx_rcc.o(.text)
    RCC_AHB1PeriphResetCmd                   0x08007db3   Thumb Code    34  stm32f4xx_rcc.o(.text)
    RCC_AHB2PeriphResetCmd                   0x08007dd5   Thumb Code    34  stm32f4xx_rcc.o(.text)
    RCC_AHB3PeriphResetCmd                   0x08007df7   Thumb Code    34  stm32f4xx_rcc.o(.text)
    RCC_APB1PeriphResetCmd                   0x08007e19   Thumb Code    34  stm32f4xx_rcc.o(.text)
    RCC_APB2PeriphResetCmd                   0x08007e3b   Thumb Code    34  stm32f4xx_rcc.o(.text)
    RCC_AHB1PeriphClockLPModeCmd             0x08007e5d   Thumb Code    34  stm32f4xx_rcc.o(.text)
    RCC_AHB2PeriphClockLPModeCmd             0x08007e7f   Thumb Code    34  stm32f4xx_rcc.o(.text)
    RCC_AHB3PeriphClockLPModeCmd             0x08007ea1   Thumb Code    34  stm32f4xx_rcc.o(.text)
    RCC_APB1PeriphClockLPModeCmd             0x08007ec3   Thumb Code    34  stm32f4xx_rcc.o(.text)
    RCC_APB2PeriphClockLPModeCmd             0x08007ee5   Thumb Code    34  stm32f4xx_rcc.o(.text)
    RCC_LSEModeConfig                        0x08007f07   Thumb Code    40  stm32f4xx_rcc.o(.text)
    RCC_ITConfig                             0x08007f2f   Thumb Code    34  stm32f4xx_rcc.o(.text)
    RCC_ClearFlag                            0x08007f51   Thumb Code    18  stm32f4xx_rcc.o(.text)
    RCC_GetITStatus                          0x08007f63   Thumb Code    22  stm32f4xx_rcc.o(.text)
    RCC_ClearITPendingBit                    0x08007f79   Thumb Code     8  stm32f4xx_rcc.o(.text)
    TIM_DeInit                               0x08007f85   Thumb Code   346  stm32f4xx_tim.o(.text)
    TIM_TimeBaseInit                         0x080080df   Thumb Code   104  stm32f4xx_tim.o(.text)
    TIM_TimeBaseStructInit                   0x08008147   Thumb Code    18  stm32f4xx_tim.o(.text)
    TIM_PrescalerConfig                      0x08008159   Thumb Code     6  stm32f4xx_tim.o(.text)
    TIM_CounterModeConfig                    0x0800815f   Thumb Code    18  stm32f4xx_tim.o(.text)
    TIM_SetCounter                           0x08008171   Thumb Code     4  stm32f4xx_tim.o(.text)
    TIM_SetAutoreload                        0x08008175   Thumb Code     4  stm32f4xx_tim.o(.text)
    TIM_GetCounter                           0x08008179   Thumb Code     6  stm32f4xx_tim.o(.text)
    TIM_GetPrescaler                         0x0800817f   Thumb Code     6  stm32f4xx_tim.o(.text)
    TIM_UpdateDisableConfig                  0x08008185   Thumb Code    24  stm32f4xx_tim.o(.text)
    TIM_UpdateRequestConfig                  0x0800819d   Thumb Code    24  stm32f4xx_tim.o(.text)
    TIM_ARRPreloadConfig                     0x080081b5   Thumb Code    24  stm32f4xx_tim.o(.text)
    TIM_SelectOnePulseMode                   0x080081cd   Thumb Code    18  stm32f4xx_tim.o(.text)
    TIM_SetClockDivision                     0x080081df   Thumb Code    18  stm32f4xx_tim.o(.text)
    TIM_Cmd                                  0x080081f1   Thumb Code    24  stm32f4xx_tim.o(.text)
    TIM_OC1Init                              0x08008209   Thumb Code   114  stm32f4xx_tim.o(.text)
    TIM_OC2Init                              0x0800827b   Thumb Code   154  stm32f4xx_tim.o(.text)
    TIM_OC3Init                              0x08008315   Thumb Code   204  stm32f4xx_tim.o(.text)
    TIM_OC4Init                              0x080083e1   Thumb Code   112  stm32f4xx_tim.o(.text)
    TIM_OCStructInit                         0x08008451   Thumb Code    20  stm32f4xx_tim.o(.text)
    TIM_SelectOCxM                           0x08008465   Thumb Code    86  stm32f4xx_tim.o(.text)
    TIM_SetCompare1                          0x080084bb   Thumb Code     4  stm32f4xx_tim.o(.text)
    TIM_SetCompare2                          0x080084bf   Thumb Code     4  stm32f4xx_tim.o(.text)
    TIM_SetCompare3                          0x080084c3   Thumb Code     4  stm32f4xx_tim.o(.text)
    TIM_SetCompare4                          0x080084c7   Thumb Code     4  stm32f4xx_tim.o(.text)
    TIM_ForcedOC1Config                      0x080084cb   Thumb Code    18  stm32f4xx_tim.o(.text)
    TIM_ForcedOC2Config                      0x080084dd   Thumb Code    26  stm32f4xx_tim.o(.text)
    TIM_ForcedOC3Config                      0x080084f7   Thumb Code    18  stm32f4xx_tim.o(.text)
    TIM_ForcedOC4Config                      0x08008509   Thumb Code    26  stm32f4xx_tim.o(.text)
    TIM_OC1PreloadConfig                     0x08008523   Thumb Code    18  stm32f4xx_tim.o(.text)
    TIM_OC2PreloadConfig                     0x08008535   Thumb Code    26  stm32f4xx_tim.o(.text)
    TIM_OC3PreloadConfig                     0x0800854f   Thumb Code    18  stm32f4xx_tim.o(.text)
    TIM_OC4PreloadConfig                     0x08008561   Thumb Code    26  stm32f4xx_tim.o(.text)
    TIM_OC1FastConfig                        0x0800857b   Thumb Code    18  stm32f4xx_tim.o(.text)
    TIM_OC2FastConfig                        0x0800858d   Thumb Code    26  stm32f4xx_tim.o(.text)
    TIM_OC3FastConfig                        0x080085a7   Thumb Code    18  stm32f4xx_tim.o(.text)
    TIM_OC4FastConfig                        0x080085b9   Thumb Code    26  stm32f4xx_tim.o(.text)
    TIM_ClearOC1Ref                          0x080085d3   Thumb Code    18  stm32f4xx_tim.o(.text)
    TIM_ClearOC2Ref                          0x080085e5   Thumb Code    24  stm32f4xx_tim.o(.text)
    TIM_ClearOC3Ref                          0x080085fd   Thumb Code    18  stm32f4xx_tim.o(.text)
    TIM_ClearOC4Ref                          0x0800860f   Thumb Code    24  stm32f4xx_tim.o(.text)
    TIM_OC1PolarityConfig                    0x08008627   Thumb Code    18  stm32f4xx_tim.o(.text)
    TIM_OC1NPolarityConfig                   0x08008639   Thumb Code    18  stm32f4xx_tim.o(.text)
    TIM_OC2PolarityConfig                    0x0800864b   Thumb Code    26  stm32f4xx_tim.o(.text)
    TIM_OC2NPolarityConfig                   0x08008665   Thumb Code    26  stm32f4xx_tim.o(.text)
    TIM_OC3PolarityConfig                    0x0800867f   Thumb Code    26  stm32f4xx_tim.o(.text)
    TIM_OC3NPolarityConfig                   0x08008699   Thumb Code    26  stm32f4xx_tim.o(.text)
    TIM_OC4PolarityConfig                    0x080086b3   Thumb Code    26  stm32f4xx_tim.o(.text)
    TIM_CCxCmd                               0x080086cd   Thumb Code    30  stm32f4xx_tim.o(.text)
    TIM_CCxNCmd                              0x080086eb   Thumb Code    30  stm32f4xx_tim.o(.text)
    TIM_SetIC4Prescaler                      0x08008709   Thumb Code    26  stm32f4xx_tim.o(.text)
    TIM_SetIC3Prescaler                      0x08008773   Thumb Code    18  stm32f4xx_tim.o(.text)
    TIM_SetIC2Prescaler                      0x080087cd   Thumb Code    26  stm32f4xx_tim.o(.text)
    TIM_SetIC1Prescaler                      0x08008841   Thumb Code    18  stm32f4xx_tim.o(.text)
    TIM_ICInit                               0x0800888d   Thumb Code   110  stm32f4xx_tim.o(.text)
    TIM_ICStructInit                         0x080088fb   Thumb Code    18  stm32f4xx_tim.o(.text)
    TIM_PWMIConfig                           0x0800890d   Thumb Code   124  stm32f4xx_tim.o(.text)
    TIM_GetCapture1                          0x08008989   Thumb Code     6  stm32f4xx_tim.o(.text)
    TIM_GetCapture2                          0x0800898f   Thumb Code     6  stm32f4xx_tim.o(.text)
    TIM_GetCapture3                          0x08008995   Thumb Code     6  stm32f4xx_tim.o(.text)
    TIM_GetCapture4                          0x0800899b   Thumb Code     6  stm32f4xx_tim.o(.text)
    TIM_BDTRConfig                           0x080089a1   Thumb Code    32  stm32f4xx_tim.o(.text)
    TIM_BDTRStructInit                       0x080089c1   Thumb Code    18  stm32f4xx_tim.o(.text)
    TIM_CtrlPWMOutputs                       0x080089d3   Thumb Code    30  stm32f4xx_tim.o(.text)
    TIM_SelectCOM                            0x080089f1   Thumb Code    24  stm32f4xx_tim.o(.text)
    TIM_CCPreloadControl                     0x08008a09   Thumb Code    24  stm32f4xx_tim.o(.text)
    TIM_ITConfig                             0x08008a21   Thumb Code    18  stm32f4xx_tim.o(.text)
    TIM_GenerateEvent                        0x08008a33   Thumb Code     4  stm32f4xx_tim.o(.text)
    TIM_GetFlagStatus                        0x08008a37   Thumb Code    18  stm32f4xx_tim.o(.text)
    TIM_ClearFlag                            0x08008a49   Thumb Code     6  stm32f4xx_tim.o(.text)
    TIM_GetITStatus                          0x08008a4f   Thumb Code    34  stm32f4xx_tim.o(.text)
    TIM_ClearITPendingBit                    0x08008a71   Thumb Code     6  stm32f4xx_tim.o(.text)
    TIM_DMAConfig                            0x08008a77   Thumb Code    10  stm32f4xx_tim.o(.text)
    TIM_DMACmd                               0x08008a81   Thumb Code    18  stm32f4xx_tim.o(.text)
    TIM_SelectCCDMA                          0x08008a93   Thumb Code    24  stm32f4xx_tim.o(.text)
    TIM_InternalClockConfig                  0x08008aab   Thumb Code    12  stm32f4xx_tim.o(.text)
    TIM_SelectInputTrigger                   0x08008ab7   Thumb Code    18  stm32f4xx_tim.o(.text)
    TIM_ITRxExternalClockConfig              0x08008ac9   Thumb Code    24  stm32f4xx_tim.o(.text)
    TIM_TIxExternalClockConfig               0x08008ae1   Thumb Code    62  stm32f4xx_tim.o(.text)
    TIM_ETRConfig                            0x08008b1f   Thumb Code    28  stm32f4xx_tim.o(.text)
    TIM_ETRClockMode1Config                  0x08008b3b   Thumb Code    54  stm32f4xx_tim.o(.text)
    TIM_ETRClockMode2Config                  0x08008b71   Thumb Code    32  stm32f4xx_tim.o(.text)
    TIM_SelectOutputTrigger                  0x08008b91   Thumb Code    18  stm32f4xx_tim.o(.text)
    TIM_SelectSlaveMode                      0x08008ba3   Thumb Code    18  stm32f4xx_tim.o(.text)
    TIM_SelectMasterSlaveMode                0x08008bb5   Thumb Code    18  stm32f4xx_tim.o(.text)
    TIM_EncoderInterfaceConfig               0x08008bc7   Thumb Code    66  stm32f4xx_tim.o(.text)
    TIM_SelectHallSensor                     0x08008c09   Thumb Code    24  stm32f4xx_tim.o(.text)
    TIM_RemapConfig                          0x08008c21   Thumb Code     6  stm32f4xx_tim.o(.text)
    USART_DeInit                             0x08008c29   Thumb Code   206  stm32f4xx_usart.o(.text)
    USART_Init                               0x08008cf7   Thumb Code   204  stm32f4xx_usart.o(.text)
    USART_StructInit                         0x08008dc3   Thumb Code    24  stm32f4xx_usart.o(.text)
    USART_ClockInit                          0x08008ddb   Thumb Code    32  stm32f4xx_usart.o(.text)
    USART_ClockStructInit                    0x08008dfb   Thumb Code    12  stm32f4xx_usart.o(.text)
    USART_Cmd                                0x08008e07   Thumb Code    24  stm32f4xx_usart.o(.text)
    USART_SetPrescaler                       0x08008e1f   Thumb Code    16  stm32f4xx_usart.o(.text)
    USART_OverSampling8Cmd                   0x08008e2f   Thumb Code    22  stm32f4xx_usart.o(.text)
    USART_OneBitMethodCmd                    0x08008e45   Thumb Code    24  stm32f4xx_usart.o(.text)
    USART_SendData                           0x08008e5d   Thumb Code     8  stm32f4xx_usart.o(.text)
    USART_ReceiveData                        0x08008e65   Thumb Code    10  stm32f4xx_usart.o(.text)
    USART_SetAddress                         0x08008e6f   Thumb Code    18  stm32f4xx_usart.o(.text)
    USART_ReceiverWakeUpCmd                  0x08008e81   Thumb Code    24  stm32f4xx_usart.o(.text)
    USART_WakeUpConfig                       0x08008e99   Thumb Code    18  stm32f4xx_usart.o(.text)
    USART_LINBreakDetectLengthConfig         0x08008eab   Thumb Code    18  stm32f4xx_usart.o(.text)
    USART_LINCmd                             0x08008ebd   Thumb Code    24  stm32f4xx_usart.o(.text)
    USART_SendBreak                          0x08008ed5   Thumb Code    10  stm32f4xx_usart.o(.text)
    USART_HalfDuplexCmd                      0x08008edf   Thumb Code    24  stm32f4xx_usart.o(.text)
    USART_SetGuardTime                       0x08008ef7   Thumb Code    16  stm32f4xx_usart.o(.text)
    USART_SmartCardCmd                       0x08008f07   Thumb Code    24  stm32f4xx_usart.o(.text)
    USART_SmartCardNACKCmd                   0x08008f1f   Thumb Code    24  stm32f4xx_usart.o(.text)
    USART_IrDAConfig                         0x08008f37   Thumb Code    18  stm32f4xx_usart.o(.text)
    USART_IrDACmd                            0x08008f49   Thumb Code    24  stm32f4xx_usart.o(.text)
    USART_DMACmd                             0x08008f61   Thumb Code    18  stm32f4xx_usart.o(.text)
    USART_ITConfig                           0x08008f73   Thumb Code    74  stm32f4xx_usart.o(.text)
    USART_GetFlagStatus                      0x08008fbd   Thumb Code    26  stm32f4xx_usart.o(.text)
    USART_ClearFlag                          0x08008fd7   Thumb Code    18  stm32f4xx_usart.o(.text)
    USART_GetITStatus                        0x08008fe9   Thumb Code   118  stm32f4xx_usart.o(.text)
    USART_ClearITPendingBit                  0x0800905f   Thumb Code    30  stm32f4xx_usart.o(.text)
    __use_no_semihosting                     0x0800907d   Thumb Code     2  use_no_semi_2.o(.text)
    vsprintf                                 0x08009081   Thumb Code    32  vsprintf.o(.text)
    __2printf                                0x080090a5   Thumb Code    20  __2printf.o(.text)
    __2sprintf                               0x080090bd   Thumb Code    38  __2sprintf.o(.text)
    _printf_str                              0x080090e9   Thumb Code    82  _printf_str.o(.text)
    _printf_int_dec                          0x0800913d   Thumb Code   104  _printf_dec.o(.text)
    __printf                                 0x080091b5   Thumb Code   388  __printf_flags_ss_wp.o(.text)
    strlen                                   0x0800933d   Thumb Code    62  strlen.o(.text)
    __use_two_region_memory                  0x0800937b   Thumb Code     2  heapauxi.o(.text)
    __rt_heap_escrow$2region                 0x0800937d   Thumb Code     2  heapauxi.o(.text)
    __rt_heap_expand$2region                 0x0800937f   Thumb Code     2  heapauxi.o(.text)
    __I$use$semihosting                      0x08009381   Thumb Code     0  use_no_semi.o(.text)
    __use_no_semihosting_swi                 0x08009381   Thumb Code     2  use_no_semi.o(.text)
    _printf_pre_padding                      0x08009383   Thumb Code    44  _printf_pad.o(.text)
    _printf_post_padding                     0x080093af   Thumb Code    34  _printf_pad.o(.text)
    _printf_truncate_signed                  0x080093d1   Thumb Code    18  _printf_truncate.o(.text)
    _printf_truncate_unsigned                0x080093e3   Thumb Code    18  _printf_truncate.o(.text)
    _printf_int_common                       0x080093f5   Thumb Code   178  _printf_intcommon.o(.text)
    _printf_charcount                        0x080094a7   Thumb Code    40  _printf_charcount.o(.text)
    _printf_char_common                      0x080094db   Thumb Code    32  _printf_char_common.o(.text)
    _sputc                                   0x08009501   Thumb Code    10  _sputc.o(.text)
    _printf_cs_common                        0x0800950b   Thumb Code    20  _printf_char.o(.text)
    _printf_char                             0x0800951f   Thumb Code    16  _printf_char.o(.text)
    _printf_string                           0x0800952f   Thumb Code     8  _printf_char.o(.text)
    _printf_char_file                        0x08009539   Thumb Code    32  _printf_char_file.o(.text)
    _printf_wctomb                           0x0800955d   Thumb Code   182  _printf_wctomb.o(.text)
    _printf_longlong_dec                     0x08009619   Thumb Code   108  _printf_longlong_dec.o(.text)
    _printf_longlong_oct                     0x08009695   Thumb Code    68  _printf_oct_int_ll.o(.text)
    _printf_int_oct                          0x080096d9   Thumb Code    24  _printf_oct_int_ll.o(.text)
    _printf_ll_oct                           0x080096f1   Thumb Code    12  _printf_oct_int_ll.o(.text)
    _printf_longlong_hex                     0x08009705   Thumb Code    86  _printf_hex_int_ll_ptr.o(.text)
    _printf_int_hex                          0x0800975b   Thumb Code    28  _printf_hex_int_ll_ptr.o(.text)
    _printf_ll_hex                           0x08009777   Thumb Code    12  _printf_hex_int_ll_ptr.o(.text)
    _printf_hex_ptr                          0x08009783   Thumb Code    18  _printf_hex_int_ll_ptr.o(.text)
    _ll_udiv10                               0x08009799   Thumb Code   138  lludiv10.o(.text)
    __lib_sel_fp_printf                      0x08009823   Thumb Code     2  _printf_fp_dec.o(.text)
    _printf_fp_dec_real                      0x080099d1   Thumb Code   620  _printf_fp_dec.o(.text)
    _printf_fp_hex_real                      0x08009c3d   Thumb Code   754  _printf_fp_hex.o(.text)
    _printf_lcs_common                       0x08009f39   Thumb Code    20  _printf_wchar.o(.text)
    _printf_wchar                            0x08009f4d   Thumb Code    16  _printf_wchar.o(.text)
    _printf_wstring                          0x08009f5d   Thumb Code     8  _printf_wchar.o(.text)
    ferror                                   0x08009f65   Thumb Code     8  ferror.o(.text)
    _wcrtomb                                 0x08009f6d   Thumb Code    64  _wcrtomb.o(.text)
    __user_setup_stackheap                   0x08009fad   Thumb Code    74  sys_stackheap_outer.o(.text)
    __rt_ctype_table                         0x08009ff9   Thumb Code    16  rt_ctype_table.o(.text)
    __rt_locale                              0x0800a009   Thumb Code     8  rt_locale_intlibspace.o(.text)
    _printf_fp_infnan                        0x0800a011   Thumb Code   112  _printf_fp_infnan.o(.text)
    _btod_etento                             0x0800a091   Thumb Code   216  bigflt0.o(.text)
    exit                                     0x0800a16d   Thumb Code    18  exit.o(.text)
    __user_libspace                          0x0800a181   Thumb Code     8  libspace.o(.text)
    __user_perproc_libspace                  0x0800a181   Thumb Code     0  libspace.o(.text)
    __user_perthread_libspace                0x0800a181   Thumb Code     0  libspace.o(.text)
    strcmp                                   0x0800a189   Thumb Code   128  strcmpv7m.o(.text)
    _btod_d2e                                0x0800a209   Thumb Code    62  btod.o(CL$$btod_d2e)
    _d2e_denorm_low                          0x0800a247   Thumb Code    70  btod.o(CL$$btod_d2e_denorm_low)
    _d2e_norm_op1                            0x0800a28d   Thumb Code    96  btod.o(CL$$btod_d2e_norm_op1)
    __btod_div_common                        0x0800a2ed   Thumb Code   696  btod.o(CL$$btod_div_common)
    _e2e                                     0x0800a625   Thumb Code   198  btod.o(CL$$btod_e2e)
    _btod_ediv                               0x0800a6eb   Thumb Code    40  btod.o(CL$$btod_ediv)
    _btod_emul                               0x0800a713   Thumb Code    40  btod.o(CL$$btod_emul)
    __btod_mult_common                       0x0800a73b   Thumb Code   580  btod.o(CL$$btod_mult_common)
    __ARM_fpclassify                         0x0800a97f   Thumb Code    48  fpclassify.o(i.__ARM_fpclassify)
    _is_digit                                0x0800a9af   Thumb Code    14  __printf_wp.o(i._is_digit)
    _get_lc_numeric                          0x0800a9bd   Thumb Code    44  lc_numeric_c.o(locale$$code)
    _get_lc_ctype                            0x0800a9e9   Thumb Code    44  lc_ctype_c.o(locale$$code)
    _fp_init                                 0x0800aa15   Thumb Code    10  fpinit.o(x$fpl$fpinit)
    __fplib_config_fpu_vfp                   0x0800aa1d   Thumb Code     0  fpinit.o(x$fpl$fpinit)
    __fplib_config_pureend_doubles           0x0800aa1d   Thumb Code     0  fpinit.o(x$fpl$fpinit)
    _printf_fp_dec                           0x0800aa1f   Thumb Code     4  printf1.o(x$fpl$printf1)
    _printf_fp_hex                           0x0800aa23   Thumb Code     4  printf2.o(x$fpl$printf2)
    __I$use$fp                               0x0800aa26   Number         0  usenofp.o(x$fpl$usenofp)
    jpeg_img_size_tbl                        0x0800aa26   Data          48  main.o(.constdata)
    asc2_1206                                0x0800aa56   Data        1140  lcd.o(.constdata)
    asc2_1608                                0x0800aeca   Data        1520  lcd.o(.constdata)
    asc2_2412                                0x0800b4ba   Data        3420  lcd.o(.constdata)
    OV5640_jpeg_reg_tbl                      0x0800c216   Data         164  ov5640.o(.constdata)
    ov5640_rgb565_reg_tbl                    0x0800c2ba   Data         180  ov5640.o(.constdata)
    ov5640_init_reg_tbl                      0x0800c36e   Data         828  ov5640.o(.constdata)
    OV5640_AF_Config                         0x0800c6aa   Data        4077  ov5640.o(.constdata)
    FSMC_DefaultTimingStruct                 0x0800d724   Data          28  stm32f4xx_fsmc.o(.constdata)
    Region$$Table$$Base                      0x0800d8d4   Number         0  anon$$obj.o(Region$$Table)
    Region$$Table$$Limit                     0x0800d8f4   Number         0  anon$$obj.o(Region$$Table)
    __ctype                                  0x0800d91d   Data           0  lc_ctype_c.o(locale$$data)
    Com1SendFlag                             0x20000000   Data           1  main.o(.data)
    ovx_mode                                 0x20000001   Data           1  main.o(.data)
    jpeg_data_len                            0x20000004   Data           4  main.o(.data)
    jpeg_data_ok                             0x20000008   Data           1  main.o(.data)
    EFFECTS_TBL                              0x2000000c   Data          28  main.o(.data)
    JPEG_SIZE_TBL                            0x20000028   Data          48  main.o(.data)
    t                                        0x20000058   Data           1  main.o(.data)
    SystemCoreClock                          0x2000005c   Data           4  system_stm32f4xx.o(.data)
    AHBPrescTable                            0x20000060   Data          16  system_stm32f4xx.o(.data)
    POINT_COLOR                              0x20000070   Data           2  lcd.o(.data)
    BACK_COLOR                               0x20000072   Data           2  lcd.o(.data)
    Key_Flag                                 0x20000074   Data           1  key.o(.data)
    key_up                                   0x20000075   Data           1  key.o(.data)
    Key_times                                0x20000076   Data           6  key.o(.data)
    Key_Time_out                             0x2000007c   Data           6  key.o(.data)
    ov_frame                                 0x20000082   Data           1  dcmi.o(.data)
    TimeS                                    0x20000083   Data           1  timer.o(.data)
    USART2_RX_STA                            0x20000084   Data           2  usart2.o(.data)
    __stdout                                 0x2000008c   Data           4  usart.o(.data)
    USART_RX_STA                             0x20000090   Data           2  usart.o(.data)
    jpeg_buf                                 0x200000a4   Data       126976  main.o(.bss)
    lcddev                                   0x2001f0a4   Data          14  lcd.o(.bss)
    DCMI_InitStructure                       0x2001f0b2   Data          14  dcmi.o(.bss)
    USART2_RX_BUF                            0x2001f0c0   Data         200  usart2.o(.bss)
    USART2_TX_BUF                            0x2001f188   Data         200  usart2.o(.bss)
    USART_RX_BUF                             0x2001f250   Data         200  usart.o(.bss)
    __libspace_start                         0x2001f318   Data          96  libspace.o(.bss)
    __temporary_stack_top$libspace           0x2001f378   Data           0  libspace.o(.bss)



==============================================================================

Memory Map of the image

  Image Entry point : 0x08000189

  Load Region LR_IROM1 (Base: 0x08000000, Size: 0x0000dac4, Max: 0x00080000, ABSOLUTE)

    Execution Region ER_IROM1 (Exec base: 0x08000000, Load base: 0x08000000, Size: 0x0000da20, Max: 0x00080000, ABSOLUTE)

    Exec Addr    Load Addr    Size         Type   Attr      Idx    E Section Name        Object

    0x08000000   0x08000000   0x00000188   Data   RO          613    RESET               startup_stm32f40_41xxx.o
    0x08000188   0x08000188   0x00000008   Code   RO          852  * !!!main             c_w.l(__main.o)
    0x08000190   0x08000190   0x00000034   Code   RO         1150    !!!scatter          c_w.l(__scatter.o)
    0x080001c4   0x080001c4   0x0000001a   Code   RO         1152    !!handler_copy      c_w.l(__scatter_copy.o)
    0x080001de   0x080001de   0x00000002   PAD
    0x080001e0   0x080001e0   0x0000001c   Code   RO         1154    !!handler_zi        c_w.l(__scatter_zi.o)
    0x080001fc   0x080001fc   0x00000000   Code   RO          845    .ARM.Collect$$_printf_percent$$00000000  c_w.l(_printf_percent.o)
    0x080001fc   0x080001fc   0x00000006   Code   RO          906    .ARM.Collect$$_printf_percent$$00000001  c_w.l(_printf_n.o)
    0x08000202   0x08000202   0x00000006   Code   RO          908    .ARM.Collect$$_printf_percent$$00000002  c_w.l(_printf_p.o)
    0x08000208   0x08000208   0x00000006   Code   RO          912    .ARM.Collect$$_printf_percent$$00000003  c_w.l(_printf_f.o)
    0x0800020e   0x0800020e   0x00000006   Code   RO          913    .ARM.Collect$$_printf_percent$$00000004  c_w.l(_printf_e.o)
    0x08000214   0x08000214   0x00000006   Code   RO          914    .ARM.Collect$$_printf_percent$$00000005  c_w.l(_printf_g.o)
    0x0800021a   0x0800021a   0x00000006   Code   RO          915    .ARM.Collect$$_printf_percent$$00000006  c_w.l(_printf_a.o)
    0x08000220   0x08000220   0x0000000a   Code   RO          920    .ARM.Collect$$_printf_percent$$00000007  c_w.l(_printf_ll.o)
    0x0800022a   0x0800022a   0x00000006   Code   RO          910    .ARM.Collect$$_printf_percent$$00000008  c_w.l(_printf_i.o)
    0x08000230   0x08000230   0x00000006   Code   RO          844    .ARM.Collect$$_printf_percent$$00000009  c_w.l(_printf_d.o)
    0x08000236   0x08000236   0x00000006   Code   RO          911    .ARM.Collect$$_printf_percent$$0000000A  c_w.l(_printf_u.o)
    0x0800023c   0x0800023c   0x00000006   Code   RO          909    .ARM.Collect$$_printf_percent$$0000000B  c_w.l(_printf_o.o)
    0x08000242   0x08000242   0x00000006   Code   RO          907    .ARM.Collect$$_printf_percent$$0000000C  c_w.l(_printf_x.o)
    0x08000248   0x08000248   0x00000006   Code   RO          917    .ARM.Collect$$_printf_percent$$0000000D  c_w.l(_printf_lli.o)
    0x0800024e   0x0800024e   0x00000006   Code   RO          918    .ARM.Collect$$_printf_percent$$0000000E  c_w.l(_printf_lld.o)
    0x08000254   0x08000254   0x00000006   Code   RO          919    .ARM.Collect$$_printf_percent$$0000000F  c_w.l(_printf_llu.o)
    0x0800025a   0x0800025a   0x00000006   Code   RO          924    .ARM.Collect$$_printf_percent$$00000010  c_w.l(_printf_llo.o)
    0x08000260   0x08000260   0x00000006   Code   RO          925    .ARM.Collect$$_printf_percent$$00000011  c_w.l(_printf_llx.o)
    0x08000266   0x08000266   0x0000000a   Code   RO          921    .ARM.Collect$$_printf_percent$$00000012  c_w.l(_printf_l.o)
    0x08000270   0x08000270   0x00000006   Code   RO          905    .ARM.Collect$$_printf_percent$$00000013  c_w.l(_printf_c.o)
    0x08000276   0x08000276   0x00000006   Code   RO          843    .ARM.Collect$$_printf_percent$$00000014  c_w.l(_printf_s.o)
    0x0800027c   0x0800027c   0x00000006   Code   RO          922    .ARM.Collect$$_printf_percent$$00000015  c_w.l(_printf_lc.o)
    0x08000282   0x08000282   0x00000006   Code   RO          923    .ARM.Collect$$_printf_percent$$00000016  c_w.l(_printf_ls.o)
    0x08000288   0x08000288   0x00000004   Code   RO          916    .ARM.Collect$$_printf_percent$$00000017  c_w.l(_printf_percent_end.o)
    0x0800028c   0x0800028c   0x00000002   Code   RO         1014    .ARM.Collect$$libinit$$00000000  c_w.l(libinit.o)
    0x0800028e   0x0800028e   0x00000004   Code   RO         1030    .ARM.Collect$$libinit$$00000001  c_w.l(libinit2.o)
    0x08000292   0x08000292   0x00000000   Code   RO         1033    .ARM.Collect$$libinit$$00000004  c_w.l(libinit2.o)
    0x08000292   0x08000292   0x00000000   Code   RO         1036    .ARM.Collect$$libinit$$0000000A  c_w.l(libinit2.o)
    0x08000292   0x08000292   0x00000000   Code   RO         1038    .ARM.Collect$$libinit$$0000000C  c_w.l(libinit2.o)
    0x08000292   0x08000292   0x00000000   Code   RO         1040    .ARM.Collect$$libinit$$0000000E  c_w.l(libinit2.o)
    0x08000292   0x08000292   0x00000006   Code   RO         1041    .ARM.Collect$$libinit$$0000000F  c_w.l(libinit2.o)
    0x08000298   0x08000298   0x00000000   Code   RO         1043    .ARM.Collect$$libinit$$00000011  c_w.l(libinit2.o)
    0x08000298   0x08000298   0x0000000c   Code   RO         1044    .ARM.Collect$$libinit$$00000012  c_w.l(libinit2.o)
    0x080002a4   0x080002a4   0x00000000   Code   RO         1045    .ARM.Collect$$libinit$$00000013  c_w.l(libinit2.o)
    0x080002a4   0x080002a4   0x00000000   Code   RO         1047    .ARM.Collect$$libinit$$00000015  c_w.l(libinit2.o)
    0x080002a4   0x080002a4   0x0000000a   Code   RO         1048    .ARM.Collect$$libinit$$00000016  c_w.l(libinit2.o)
    0x080002ae   0x080002ae   0x00000000   Code   RO         1049    .ARM.Collect$$libinit$$00000017  c_w.l(libinit2.o)
    0x080002ae   0x080002ae   0x00000000   Code   RO         1051    .ARM.Collect$$libinit$$00000019  c_w.l(libinit2.o)
    0x080002ae   0x080002ae   0x00000000   Code   RO         1053    .ARM.Collect$$libinit$$0000001B  c_w.l(libinit2.o)
    0x080002ae   0x080002ae   0x00000000   Code   RO         1055    .ARM.Collect$$libinit$$0000001D  c_w.l(libinit2.o)
    0x080002ae   0x080002ae   0x00000000   Code   RO         1057    .ARM.Collect$$libinit$$0000001F  c_w.l(libinit2.o)
    0x080002ae   0x080002ae   0x00000000   Code   RO         1059    .ARM.Collect$$libinit$$00000021  c_w.l(libinit2.o)
    0x080002ae   0x080002ae   0x00000000   Code   RO         1061    .ARM.Collect$$libinit$$00000023  c_w.l(libinit2.o)
    0x080002ae   0x080002ae   0x00000000   Code   RO         1063    .ARM.Collect$$libinit$$00000025  c_w.l(libinit2.o)
    0x080002ae   0x080002ae   0x00000000   Code   RO         1067    .ARM.Collect$$libinit$$0000002C  c_w.l(libinit2.o)
    0x080002ae   0x080002ae   0x00000000   Code   RO         1069    .ARM.Collect$$libinit$$0000002E  c_w.l(libinit2.o)
    0x080002ae   0x080002ae   0x00000000   Code   RO         1071    .ARM.Collect$$libinit$$00000030  c_w.l(libinit2.o)
    0x080002ae   0x080002ae   0x00000000   Code   RO         1073    .ARM.Collect$$libinit$$00000032  c_w.l(libinit2.o)
    0x080002ae   0x080002ae   0x00000002   Code   RO         1074    .ARM.Collect$$libinit$$00000033  c_w.l(libinit2.o)
    0x080002b0   0x080002b0   0x00000002   Code   RO         1092    .ARM.Collect$$libshutdown$$00000000  c_w.l(libshutdown.o)
    0x080002b2   0x080002b2   0x00000000   Code   RO         1102    .ARM.Collect$$libshutdown$$00000002  c_w.l(libshutdown2.o)
    0x080002b2   0x080002b2   0x00000000   Code   RO         1104    .ARM.Collect$$libshutdown$$00000004  c_w.l(libshutdown2.o)
    0x080002b2   0x080002b2   0x00000000   Code   RO         1107    .ARM.Collect$$libshutdown$$00000007  c_w.l(libshutdown2.o)
    0x080002b2   0x080002b2   0x00000000   Code   RO         1110    .ARM.Collect$$libshutdown$$0000000A  c_w.l(libshutdown2.o)
    0x080002b2   0x080002b2   0x00000000   Code   RO         1112    .ARM.Collect$$libshutdown$$0000000C  c_w.l(libshutdown2.o)
    0x080002b2   0x080002b2   0x00000000   Code   RO         1115    .ARM.Collect$$libshutdown$$0000000F  c_w.l(libshutdown2.o)
    0x080002b2   0x080002b2   0x00000002   Code   RO         1116    .ARM.Collect$$libshutdown$$00000010  c_w.l(libshutdown2.o)
    0x080002b4   0x080002b4   0x00000000   Code   RO          856    .ARM.Collect$$rtentry$$00000000  c_w.l(__rtentry.o)
    0x080002b4   0x080002b4   0x00000000   Code   RO          937    .ARM.Collect$$rtentry$$00000002  c_w.l(__rtentry2.o)
    0x080002b4   0x080002b4   0x00000006   Code   RO          949    .ARM.Collect$$rtentry$$00000004  c_w.l(__rtentry4.o)
    0x080002ba   0x080002ba   0x00000000   Code   RO          939    .ARM.Collect$$rtentry$$00000009  c_w.l(__rtentry2.o)
    0x080002ba   0x080002ba   0x00000004   Code   RO          940    .ARM.Collect$$rtentry$$0000000A  c_w.l(__rtentry2.o)
    0x080002be   0x080002be   0x00000000   Code   RO          942    .ARM.Collect$$rtentry$$0000000C  c_w.l(__rtentry2.o)
    0x080002be   0x080002be   0x00000008   Code   RO          943    .ARM.Collect$$rtentry$$0000000D  c_w.l(__rtentry2.o)
    0x080002c6   0x080002c6   0x00000002   Code   RO         1023    .ARM.Collect$$rtexit$$00000000  c_w.l(rtexit.o)
    0x080002c8   0x080002c8   0x00000000   Code   RO         1076    .ARM.Collect$$rtexit$$00000002  c_w.l(rtexit2.o)
    0x080002c8   0x080002c8   0x00000004   Code   RO         1077    .ARM.Collect$$rtexit$$00000003  c_w.l(rtexit2.o)
    0x080002cc   0x080002cc   0x00000006   Code   RO         1078    .ARM.Collect$$rtexit$$00000004  c_w.l(rtexit2.o)
    0x080002d2   0x080002d2   0x00000002   PAD
    0x080002d4   0x080002d4   0x0000089c   Code   RO            3    .text               main.o
    0x08000b70   0x08000b70   0x0000001a   Code   RO          191    .text               stm32f4xx_it.o
    0x08000b8a   0x08000b8a   0x00000002   PAD
    0x08000b8c   0x08000b8c   0x00000210   Code   RO          240    .text               system_stm32f4xx.o
    0x08000d9c   0x08000d9c   0x00000040   Code   RO          266    .text               led.o
    0x08000ddc   0x08000ddc   0x00004830   Code   RO          286    .text               lcd.o
    0x0800560c   0x0800560c   0x000001a4   Code   RO          324    .text               key.o
    0x080057b0   0x080057b0   0x00000298   Code   RO          347    .text               dcmi.o
    0x08005a48   0x08005a48   0x0000080c   Code   RO          371    .text               ov5640.o
    0x08006254   0x08006254   0x00000274   Code   RO          404    .text               sccb.o
    0x080064c8   0x080064c8   0x000000b8   Code   RO          424    .text               timer.o
    0x08006580   0x08006580   0x00000204   Code   RO          471    .text               usart2.o
    0x08006784   0x08006784   0x000000a0   Code   RO          522    .text               pwm.o
    0x08006824   0x08006824   0x00000104   Code   RO          542    .text               delay.o
    0x08006928   0x08006928   0x00000150   Code   RO          582    .text               usart.o
    0x08006a78   0x08006a78   0x00000040   Code   RO          614    .text               startup_stm32f40_41xxx.o
    0x08006ab8   0x08006ab8   0x000000e0   Code   RO          620    .text               misc.o
    0x08006b98   0x08006b98   0x0000018c   Code   RO          640    .text               stm32f4xx_dcmi.o
    0x08006d24   0x08006d24   0x000003a8   Code   RO          660    .text               stm32f4xx_dma.o
    0x080070cc   0x080070cc   0x000005c8   Code   RO          680    .text               stm32f4xx_fsmc.o
    0x08007694   0x08007694   0x00000294   Code   RO          703    .text               stm32f4xx_gpio.o
    0x08007928   0x08007928   0x0000065c   Code   RO          723    .text               stm32f4xx_rcc.o
    0x08007f84   0x08007f84   0x00000ca2   Code   RO          745    .text               stm32f4xx_tim.o
    0x08008c26   0x08008c26   0x00000002   PAD
    0x08008c28   0x08008c28   0x00000454   Code   RO          765    .text               stm32f4xx_usart.o
    0x0800907c   0x0800907c   0x00000002   Code   RO          805    .text               c_w.l(use_no_semi_2.o)
    0x0800907e   0x0800907e   0x00000002   PAD
    0x08009080   0x08009080   0x00000024   Code   RO          807    .text               c_w.l(vsprintf.o)
    0x080090a4   0x080090a4   0x00000018   Code   RO          809    .text               c_w.l(__2printf.o)
    0x080090bc   0x080090bc   0x0000002c   Code   RO          811    .text               c_w.l(__2sprintf.o)
    0x080090e8   0x080090e8   0x00000052   Code   RO          819    .text               c_w.l(_printf_str.o)
    0x0800913a   0x0800913a   0x00000002   PAD
    0x0800913c   0x0800913c   0x00000078   Code   RO          821    .text               c_w.l(_printf_dec.o)
    0x080091b4   0x080091b4   0x00000188   Code   RO          840    .text               c_w.l(__printf_flags_ss_wp.o)
    0x0800933c   0x0800933c   0x0000003e   Code   RO          846    .text               c_w.l(strlen.o)
    0x0800937a   0x0800937a   0x00000006   Code   RO          850    .text               c_w.l(heapauxi.o)
    0x08009380   0x08009380   0x00000002   Code   RO          854    .text               c_w.l(use_no_semi.o)
    0x08009382   0x08009382   0x0000004e   Code   RO          857    .text               c_w.l(_printf_pad.o)
    0x080093d0   0x080093d0   0x00000024   Code   RO          859    .text               c_w.l(_printf_truncate.o)
    0x080093f4   0x080093f4   0x000000b2   Code   RO          861    .text               c_w.l(_printf_intcommon.o)
    0x080094a6   0x080094a6   0x00000028   Code   RO          863    .text               c_w.l(_printf_charcount.o)
    0x080094ce   0x080094ce   0x00000002   PAD
    0x080094d0   0x080094d0   0x00000030   Code   RO          865    .text               c_w.l(_printf_char_common.o)
    0x08009500   0x08009500   0x0000000a   Code   RO          867    .text               c_w.l(_sputc.o)
    0x0800950a   0x0800950a   0x0000002c   Code   RO          869    .text               c_w.l(_printf_char.o)
    0x08009536   0x08009536   0x00000002   PAD
    0x08009538   0x08009538   0x00000024   Code   RO          871    .text               c_w.l(_printf_char_file.o)
    0x0800955c   0x0800955c   0x000000bc   Code   RO          873    .text               c_w.l(_printf_wctomb.o)
    0x08009618   0x08009618   0x0000007c   Code   RO          876    .text               c_w.l(_printf_longlong_dec.o)
    0x08009694   0x08009694   0x00000070   Code   RO          882    .text               c_w.l(_printf_oct_int_ll.o)
    0x08009704   0x08009704   0x00000094   Code   RO          902    .text               c_w.l(_printf_hex_int_ll_ptr.o)
    0x08009798   0x08009798   0x0000008a   Code   RO          951    .text               c_w.l(lludiv10.o)
    0x08009822   0x08009822   0x0000041a   Code   RO          953    .text               c_w.l(_printf_fp_dec.o)
    0x08009c3c   0x08009c3c   0x000002fc   Code   RO          955    .text               c_w.l(_printf_fp_hex.o)
    0x08009f38   0x08009f38   0x0000002c   Code   RO          960    .text               c_w.l(_printf_wchar.o)
    0x08009f64   0x08009f64   0x00000008   Code   RO          962    .text               c_w.l(ferror.o)
    0x08009f6c   0x08009f6c   0x00000040   Code   RO          966    .text               c_w.l(_wcrtomb.o)
    0x08009fac   0x08009fac   0x0000004a   Code   RO          968    .text               c_w.l(sys_stackheap_outer.o)
    0x08009ff6   0x08009ff6   0x00000002   PAD
    0x08009ff8   0x08009ff8   0x00000010   Code   RO          970    .text               c_w.l(rt_ctype_table.o)
    0x0800a008   0x0800a008   0x00000008   Code   RO          975    .text               c_w.l(rt_locale_intlibspace.o)
    0x0800a010   0x0800a010   0x00000080   Code   RO          977    .text               c_w.l(_printf_fp_infnan.o)
    0x0800a090   0x0800a090   0x000000dc   Code   RO          979    .text               c_w.l(bigflt0.o)
    0x0800a16c   0x0800a16c   0x00000012   Code   RO         1007    .text               c_w.l(exit.o)
    0x0800a17e   0x0800a17e   0x00000002   PAD
    0x0800a180   0x0800a180   0x00000008   Code   RO         1020    .text               c_w.l(libspace.o)
    0x0800a188   0x0800a188   0x00000080   Code   RO         1028    .text               c_w.l(strcmpv7m.o)
    0x0800a208   0x0800a208   0x0000003e   Code   RO          982    CL$$btod_d2e        c_w.l(btod.o)
    0x0800a246   0x0800a246   0x00000046   Code   RO          984    CL$$btod_d2e_denorm_low  c_w.l(btod.o)
    0x0800a28c   0x0800a28c   0x00000060   Code   RO          983    CL$$btod_d2e_norm_op1  c_w.l(btod.o)
    0x0800a2ec   0x0800a2ec   0x00000338   Code   RO          992    CL$$btod_div_common  c_w.l(btod.o)
    0x0800a624   0x0800a624   0x000000c6   Code   RO          989    CL$$btod_e2e        c_w.l(btod.o)
    0x0800a6ea   0x0800a6ea   0x00000028   Code   RO          986    CL$$btod_ediv       c_w.l(btod.o)
    0x0800a712   0x0800a712   0x00000028   Code   RO          985    CL$$btod_emul       c_w.l(btod.o)
    0x0800a73a   0x0800a73a   0x00000244   Code   RO          991    CL$$btod_mult_common  c_w.l(btod.o)
    0x0800a97e   0x0800a97e   0x00000030   Code   RO         1018    i.__ARM_fpclassify  m_wm.l(fpclassify.o)
    0x0800a9ae   0x0800a9ae   0x0000000e   Code   RO          833    i._is_digit         c_w.l(__printf_wp.o)
    0x0800a9bc   0x0800a9bc   0x0000002c   Code   RO         1005    locale$$code        c_w.l(lc_numeric_c.o)
    0x0800a9e8   0x0800a9e8   0x0000002c   Code   RO         1026    locale$$code        c_w.l(lc_ctype_c.o)
    0x0800aa14   0x0800aa14   0x0000000a   Code   RO         1084    x$fpl$fpinit        fz_wm.l(fpinit.o)
    0x0800aa1e   0x0800aa1e   0x00000004   Code   RO          928    x$fpl$printf1       fz_wm.l(printf1.o)
    0x0800aa22   0x0800aa22   0x00000004   Code   RO          930    x$fpl$printf2       fz_wm.l(printf2.o)
    0x0800aa26   0x0800aa26   0x00000000   Code   RO         1017    x$fpl$usenofp       fz_wm.l(usenofp.o)
    0x0800aa26   0x0800aa26   0x00000030   Data   RO            5    .constdata          main.o
    0x0800aa56   0x0800aa56   0x000017c0   Data   RO          288    .constdata          lcd.o
    0x0800c216   0x0800c216   0x0000150d   Data   RO          372    .constdata          ov5640.o
    0x0800d723   0x0800d723   0x00000001   PAD
    0x0800d724   0x0800d724   0x0000001c   Data   RO          681    .constdata          stm32f4xx_fsmc.o
    0x0800d740   0x0800d740   0x00000011   Data   RO          841    .constdata          c_w.l(__printf_flags_ss_wp.o)
    0x0800d751   0x0800d751   0x00000003   PAD
    0x0800d754   0x0800d754   0x00000008   Data   RO          874    .constdata          c_w.l(_printf_wctomb.o)
    0x0800d75c   0x0800d75c   0x00000028   Data   RO          903    .constdata          c_w.l(_printf_hex_int_ll_ptr.o)
    0x0800d784   0x0800d784   0x00000026   Data   RO          956    .constdata          c_w.l(_printf_fp_hex.o)
    0x0800d7aa   0x0800d7aa   0x00000002   PAD
    0x0800d7ac   0x0800d7ac   0x00000094   Data   RO          980    .constdata          c_w.l(bigflt0.o)
    0x0800d840   0x0800d840   0x00000091   Data   RO            6    .conststring        main.o
    0x0800d8d1   0x0800d8d1   0x00000003   PAD
    0x0800d8d4   0x0800d8d4   0x00000020   Data   RO         1148    Region$$Table       anon$$obj.o
    0x0800d8f4   0x0800d8f4   0x0000001c   Data   RO         1004    locale$$data        c_w.l(lc_numeric_c.o)
    0x0800d910   0x0800d910   0x00000110   Data   RO         1025    locale$$data        c_w.l(lc_ctype_c.o)


    Execution Region RW_IRAM1 (Exec base: 0x20000000, Load base: 0x0800da20, Size: 0x0001f978, Max: 0x00020000, ABSOLUTE)

    Exec Addr    Load Addr    Size         Type   Attr      Idx    E Section Name        Object

    0x20000000   0x0800da20   0x00000059   Data   RW            7    .data               main.o
    0x20000059   0x0800da79   0x00000003   PAD
    0x2000005c   0x0800da7c   0x00000014   Data   RW          241    .data               system_stm32f4xx.o
    0x20000070   0x0800da90   0x00000004   Data   RW          289    .data               lcd.o
    0x20000074   0x0800da94   0x0000000e   Data   RW          325    .data               key.o
    0x20000082   0x0800daa2   0x00000001   Data   RW          349    .data               dcmi.o
    0x20000083   0x0800daa3   0x00000001   Data   RW          425    .data               timer.o
    0x20000084   0x0800daa4   0x00000002   Data   RW          473    .data               usart2.o
    0x20000086   0x0800daa6   0x00000004   Data   RW          543    .data               delay.o
    0x2000008a   0x0800daaa   0x00000002   PAD
    0x2000008c   0x0800daac   0x00000006   Data   RW          584    .data               usart.o
    0x20000092   0x0800dab2   0x00000010   Data   RW          724    .data               stm32f4xx_rcc.o
    0x200000a2   0x0800dac2   0x00000002   PAD
    0x200000a4        -       0x0001f000   Zero   RW            4    .bss                main.o
    0x2001f0a4        -       0x0000000e   Zero   RW          287    .bss                lcd.o
    0x2001f0b2        -       0x0000000e   Zero   RW          348    .bss                dcmi.o
    0x2001f0c0        -       0x00000190   Zero   RW          472    .bss                usart2.o
    0x2001f250        -       0x000000c8   Zero   RW          583    .bss                usart.o
    0x2001f318        -       0x00000060   Zero   RW         1021    .bss                c_w.l(libspace.o)
    0x2001f378        -       0x00000200   Zero   RW          612    HEAP                startup_stm32f40_41xxx.o
    0x2001f578        -       0x00000400   Zero   RW          611    STACK               startup_stm32f40_41xxx.o


==============================================================================

Image component sizes


      Code (inc. data)   RO Data    RW Data    ZI Data      Debug   Object Name

       664         38          0          1         14       2548   dcmi.o
       260          8          0          4          0       1549   delay.o
       420         24          0         14          0       1601   key.o
     18480        156       6080          4         14      22857   lcd.o
        64          4          0          0          0        563   led.o
      2204        436        193         89     126976     309809   main.o
       224         20          0          0          0       1889   misc.o
      2060         68       5389          0          0       7544   ov5640.o
       160          8          0          0          0        769   pwm.o
       628         12          0          0          0       2107   sccb.o
        64         26        392          0       1536        856   startup_stm32f40_41xxx.o
       396          4          0          0          0       3550   stm32f4xx_dcmi.o
       936         32          0          0          0       6469   stm32f4xx_dma.o
      1480         18         28          0          0       5754   stm32f4xx_fsmc.o
       660         44          0          0          0       4233   stm32f4xx_gpio.o
        26          0          0          0          0       1258   stm32f4xx_it.o
      1628         52          0         16          0      13140   stm32f4xx_rcc.o
      3234         60          0          0          0      23088   stm32f4xx_tim.o
      1108         34          0          0          0       7956   stm32f4xx_usart.o
       528         46          0         20          0       1887   system_stm32f4xx.o
       184         16          0          1          0       1140   timer.o
       336         16          0          6        200       3458   usart.o
       516         28          0          2        400       4829   usart2.o

    ----------------------------------------------------------------------
     36264       1150      12118        164     129140     428854   Object Totals
         0          0         32          0          0          0   (incl. Generated)
         4          0          4          7          0          0   (incl. Padding)

    ----------------------------------------------------------------------

      Code (inc. data)   RO Data    RW Data    ZI Data      Debug   Library Member Name

        24          4          0          0          0         84   __2printf.o
        44          6          0          0          0         84   __2sprintf.o
         8          0          0          0          0         68   __main.o
       392          4         17          0          0         92   __printf_flags_ss_wp.o
        14          0          0          0          0         68   __printf_wp.o
         0          0          0          0          0          0   __rtentry.o
        12          0          0          0          0          0   __rtentry2.o
         6          0          0          0          0          0   __rtentry4.o
        52          8          0          0          0          0   __scatter.o
        26          0          0          0          0          0   __scatter_copy.o
        28          0          0          0          0          0   __scatter_zi.o
         6          0          0          0          0          0   _printf_a.o
         6          0          0          0          0          0   _printf_c.o
        44          0          0          0          0        108   _printf_char.o
        48          6          0          0          0         96   _printf_char_common.o
        36          4          0          0          0         80   _printf_char_file.o
        40          0          0          0          0         68   _printf_charcount.o
         6          0          0          0          0          0   _printf_d.o
       120         16          0          0          0         92   _printf_dec.o
         6          0          0          0          0          0   _printf_e.o
         6          0          0          0          0          0   _printf_f.o
      1050          0          0          0          0        216   _printf_fp_dec.o
       764         10         38          0          0        100   _printf_fp_hex.o
       128         16          0          0          0         84   _printf_fp_infnan.o
         6          0          0          0          0          0   _printf_g.o
       148          4         40          0          0        160   _printf_hex_int_ll_ptr.o
         6          0          0          0          0          0   _printf_i.o
       178          0          0          0          0         88   _printf_intcommon.o
        10          0          0          0          0          0   _printf_l.o
         6          0          0          0          0          0   _printf_lc.o
        10          0          0          0          0          0   _printf_ll.o
         6          0          0          0          0          0   _printf_lld.o
         6          0          0          0          0          0   _printf_lli.o
         6          0          0          0          0          0   _printf_llo.o
         6          0          0          0          0          0   _printf_llu.o
         6          0          0          0          0          0   _printf_llx.o
       124         16          0          0          0         92   _printf_longlong_dec.o
         6          0          0          0          0          0   _printf_ls.o
         6          0          0          0          0          0   _printf_n.o
         6          0          0          0          0          0   _printf_o.o
       112          8          0          0          0        124   _printf_oct_int_ll.o
         6          0          0          0          0          0   _printf_p.o
        78          0          0          0          0        108   _printf_pad.o
         0          0          0          0          0          0   _printf_percent.o
         4          0          0          0          0          0   _printf_percent_end.o
         6          0          0          0          0          0   _printf_s.o
        82          0          0          0          0         80   _printf_str.o
        36          0          0          0          0         84   _printf_truncate.o
         6          0          0          0          0          0   _printf_u.o
        44          0          0          0          0        108   _printf_wchar.o
       188          6          8          0          0         92   _printf_wctomb.o
         6          0          0          0          0          0   _printf_x.o
        10          0          0          0          0         68   _sputc.o
        64          0          0          0          0         92   _wcrtomb.o
       220          4        148          0          0         96   bigflt0.o
      1910        128          0          0          0        672   btod.o
        18          0          0          0          0         80   exit.o
         8          0          0          0          0         68   ferror.o
         6          0          0          0          0        152   heapauxi.o
        44         10        272          0          0         76   lc_ctype_c.o
        44         10         28          0          0         76   lc_numeric_c.o
         2          0          0          0          0          0   libinit.o
        34          0          0          0          0          0   libinit2.o
         2          0          0          0          0          0   libshutdown.o
         2          0          0          0          0          0   libshutdown2.o
         8          4          0          0         96         68   libspace.o
       138          0          0          0          0         80   lludiv10.o
        16          4          0          0          0         76   rt_ctype_table.o
         8          4          0          0          0         68   rt_locale_intlibspace.o
         2          0          0          0          0          0   rtexit.o
        10          0          0          0          0          0   rtexit2.o
       128          0          0          0          0         68   strcmpv7m.o
        62          0          0          0          0         76   strlen.o
        74          0          0          0          0         80   sys_stackheap_outer.o
         2          0          0          0          0         68   use_no_semi.o
         2          0          0          0          0         68   use_no_semi_2.o
        36          4          0          0          0         76   vsprintf.o
        10          0          0          0          0        116   fpinit.o
         4          0          0          0          0        116   printf1.o
         4          0          0          0          0        116   printf2.o
         0          0          0          0          0          0   usenofp.o
        48          0          0          0          0        124   fpclassify.o

    ----------------------------------------------------------------------
      6902        276        556          0         96       4756   Library Totals
        16          0          5          0          0          0   (incl. Padding)

    ----------------------------------------------------------------------

      Code (inc. data)   RO Data    RW Data    ZI Data      Debug   Library Name

      6820        276        551          0         96       4284   c_w.l
        18          0          0          0          0        348   fz_wm.l
        48          0          0          0          0        124   m_wm.l

    ----------------------------------------------------------------------
      6902        276        556          0         96       4756   Library Totals

    ----------------------------------------------------------------------

==============================================================================


      Code (inc. data)   RO Data    RW Data    ZI Data      Debug   

     43166       1426      12674        164     129236     426470   Grand Totals
     43166       1426      12674        164     129236     426470   ELF Image Totals
     43166       1426      12674        164          0          0   ROM Totals

==============================================================================

    Total RO  Size (Code + RO Data)                55840 (  54.53kB)
    Total RW  Size (RW Data + ZI Data)            129400 ( 126.37kB)
    Total ROM Size (Code + RO Data + RW Data)      56004 (  54.69kB)

==============================================================================

