<html>
<body>
<pre>
<h1>礦ision Build Log</h1>
<h2>Tool Versions:</h2>
IDE-Version: μVision V5.25.3.0
Copyright (C) 2018 ARM Ltd and ARM Germany GmbH. All rights reserved.
License Information: 1 23, 4, LIC=2TT9U-SGZVB-03SM2-980RP-DGA93-QA7MS
 
Tool Versions:
Toolchain:       MDK-ARM Professional  Version: 5.18
Toolchain Path:  D:\Keil\ARM\ARMCC\Bin
C Compiler:      Armcc.exe V5.06 update 1 (build 61)
Assembler:       Armasm.exe V5.06 update 1 (build 61)
Linker/Locator:  ArmLink.exe V5.06 update 1 (build 61)
Library Manager: ArmAr.exe V5.06 update 1 (build 61)
Hex Converter:   FromElf.exe V5.06 update 1 (build 61)
CPU DLL:         SARMCM3.DLL V5.18
Dialog DLL:      DCM.DLL V1.13.6.0
Target DLL:      STLink\ST-LINKIII-KEIL_SWO.dll V2.0.18.0
Dialog DLL:      TCM.DLL V1.14.8.0
 
<h2>Project:</h2>
D:\大学\竞赛\电赛\2、OV5640摄像头驱动程序\F407ZG_OV5640摄像头\USER\OV5640.uvprojx
Project File Date:  10/06/2022

<h2>Output:</h2>
*** Using Compiler 'V5.06 update 1 (build 61)', folder: 'D:\Keil\ARM\ARMCC\Bin'
Rebuild target 'OV5640'
compiling stm32f4xx_it.c...
compiling system_stm32f4xx.c...
compiling key.c...
compiling led.c...
compiling dcmi.c...
compiling main.c...
compiling lcd.c...
compiling spi.c...
compiling timer.c...
compiling sccb.c...
compiling syn6288.c...
compiling usart2.c...
compiling ov5640.c...
compiling PWM.c...
assembling startup_stm32f40_41xxx.s...
compiling stm32f4xx_dcmi.c...
compiling sys.c...
compiling delay.c...
compiling misc.c...
compiling usart.c...
compiling stm32f4xx_dma.c...
compiling stm32f4xx_fsmc.c...
compiling stm32f4xx_gpio.c...
compiling stm32f4xx_usart.c...
compiling stm32f4xx_rcc.c...
compiling stm32f4xx_spi.c...
compiling stm32f4xx_tim.c...
linking...
Program Size: Code=43166 RO-data=12674 RW-data=164 ZI-data=129236  
FromELF: creating hex file...
"..\OBJ\OV5640.axf" - 0 Error(s), 0 Warning(s).

<h2>Software Packages used:</h2>

Package Vendor: Keil
                http://www.keil.com/pack/Keil.STM32F4xx_DFP.2.13.0.pack
                Keil.STM32F4xx_DFP.2.13.0
                STMicroelectronics STM32F4 Series Device Support, Drivers and Examples

<h2>Collection of Component include folders:</h2>
  .\RTE\_OV5640
  D:\Keil\ARM\PACK\Keil\STM32F4xx_DFP\2.13.0\Drivers\CMSIS\Device\ST\STM32F4xx\Include

<h2>Collection of Component Files used:</h2>
Build Time Elapsed:  00:00:04
</pre>
</body>
</html>
